Archive member included to satisfy reference by file (symbol)

/opt/microchip/xc32/v4.20/bin/bin/../../lib/gcc/pic32c/8.3.1/../../../../pic32c/lib/thumb/v6-m/nofp/libpic32c.a(data_init_wrapper.o)
                              build/1_freertos_test/production/_ext/605666690/startup_xc32.o (__pic32c_data_initialization)
/opt/microchip/xc32/v4.20/bin/bin/../../lib/gcc/pic32c/8.3.1/../../../../pic32c/lib/thumb/v6-m/nofp/libpic32c.a(data_init_0_1.o)
                              /opt/microchip/xc32/v4.20/bin/bin/../../lib/gcc/pic32c/8.3.1/../../../../pic32c/lib/thumb/v6-m/nofp/libpic32c.a(data_init_wrapper.o) (__pic32c_data_initialization_impl)
/opt/microchip/xc32/v4.20/bin/bin/../../lib/gcc/pic32c/8.3.1/../../../../pic32c/lib/thumb/v6-m/nofp/libc-musl.a(__libc_start_main.o)
                              build/1_freertos_test/production/_ext/605666690/startup_xc32.o (__libc_init_array)
/opt/microchip/xc32/v4.20/bin/bin/../../lib/gcc/pic32c/8.3.1/../../../../pic32c/lib/thumb/v6-m/nofp/libc-musl.a(libc.o)
                              /opt/microchip/xc32/v4.20/bin/bin/../../lib/gcc/pic32c/8.3.1/../../../../pic32c/lib/thumb/v6-m/nofp/libc-musl.a(__libc_start_main.o) (__progname_full)
/opt/microchip/xc32/v4.20/bin/bin/../../lib/gcc/pic32c/8.3.1/../../../../pic32c/lib/thumb/v6-m/nofp/libc-musl.a(memcpy.o)
                              build/1_freertos_test/production/_ext/1124830510/plib_nvmctrl.o (memcpy)
/opt/microchip/xc32/v4.20/bin/bin/../../lib/gcc/pic32c/8.3.1/../../../../pic32c/lib/thumb/v6-m/nofp/libc-musl.a(memset.o)
                              build/1_freertos_test/production/_ext/404212886/FreeRTOS_tasks.o (memset)
/opt/microchip/xc32/v4.20/bin/bin/../../lib/gcc/pic32c/8.3.1/../../../../pic32c/lib/thumb/v6-m/nofp/libc-musl.a(__environ.o)
                              /opt/microchip/xc32/v4.20/bin/bin/../../lib/gcc/pic32c/8.3.1/../../../../pic32c/lib/thumb/v6-m/nofp/libc-musl.a(__libc_start_main.o) (__environ)
/opt/microchip/xc32/v4.20/bin/bin/../../lib/gcc/pic32c/8.3.1/thumb/v6-m/nofp/libgcc.a(_aeabi_uldivmod.o)
                              build/1_freertos_test/production/_ext/1829038521/plib_sercom4_usart.o (__aeabi_uldivmod)
/opt/microchip/xc32/v4.20/bin/bin/../../lib/gcc/pic32c/8.3.1/thumb/v6-m/nofp/libgcc.a(_udivmoddi4.o)
                              /opt/microchip/xc32/v4.20/bin/bin/../../lib/gcc/pic32c/8.3.1/thumb/v6-m/nofp/libgcc.a(_aeabi_uldivmod.o) (__udivmoddi4)
/opt/microchip/xc32/v4.20/bin/bin/../../lib/gcc/pic32c/8.3.1/thumb/v6-m/nofp/libgcc.a(_dvmd_tls.o)
                              /opt/microchip/xc32/v4.20/bin/bin/../../lib/gcc/pic32c/8.3.1/thumb/v6-m/nofp/libgcc.a(_aeabi_uldivmod.o) (__aeabi_ldiv0)
/opt/microchip/xc32/v4.20/bin/bin/../../lib/gcc/pic32c/8.3.1/thumb/v6-m/nofp/libgcc.a(_lshrdi3.o)
                              /opt/microchip/xc32/v4.20/bin/bin/../../lib/gcc/pic32c/8.3.1/thumb/v6-m/nofp/libgcc.a(_udivmoddi4.o) (__aeabi_llsr)
/opt/microchip/xc32/v4.20/bin/bin/../../lib/gcc/pic32c/8.3.1/thumb/v6-m/nofp/libgcc.a(_ashldi3.o)
                              /opt/microchip/xc32/v4.20/bin/bin/../../lib/gcc/pic32c/8.3.1/thumb/v6-m/nofp/libgcc.a(_udivmoddi4.o) (__aeabi_llsl)
/opt/microchip/xc32/v4.20/bin/bin/../../lib/gcc/pic32c/8.3.1/thumb/v6-m/nofp/libgcc.a(_clzdi2.o)
                              /opt/microchip/xc32/v4.20/bin/bin/../../lib/gcc/pic32c/8.3.1/thumb/v6-m/nofp/libgcc.a(_udivmoddi4.o) (__clzdi2)
/opt/microchip/xc32/v4.20/bin/bin/../../lib/gcc/pic32c/8.3.1/thumb/v6-m/nofp/libgcc.a(_clzsi2.o)
                              /opt/microchip/xc32/v4.20/bin/bin/../../lib/gcc/pic32c/8.3.1/thumb/v6-m/nofp/libgcc.a(_clzdi2.o) (__clzsi2)

Microchip PIC32 Memory-Usage Report

ROM Program-Memory Usage
section                    address  length [bytes]      (dec)  Description
-------                 ----------  -------------------------  -----------
.vectors                         0           0xbc         188   
.text                         0xbc           0x20          32  App's exec code 
.ARM.exidx                    0xdc            0x8           8   
.dinit                        0xe4          0x230         560   
.text.xTaskCreate            0x314          0x208         520   
.text.xTaskIncrementTic      0x51c          0x190         400   
.text.SERCOM4_USART_Int      0x6ac          0x16c         364   
.text.xTaskResumeAll         0x818          0x164         356   
.text.SERCOM4_USART_Ser      0x97c          0x138         312   
.text.xQueueGenericSend      0xab4          0x108         264   
.text                        0xbbc           0xe2         226  App's exec code 
.text.EVSYS_Initialize       0xc9e            0x2           2   
.text.xTaskRemoveFromEv      0xca0           0xe0         224   
.text.DRV_USART_Initial      0xd80           0xdc         220   
.text.vTaskSwitchContex      0xe5c           0xc4         196   
.text.xQueueGenericRese      0xf20           0xb2         178   
.text.Dummy_Handler          0xfd2            0x2           2   
[...]
Memory Configuration

Name             Origin             Length             Attributes
rom              0x00000000         0x00040000         xrl
ram              0x20000000         0x00008000         xw !r
config_00804000  0x00804000         0x00000004
config_00804004  0x00804004         0x00000004
*default*        0x00000000         0xffffffff

Linker script and memory map

LOAD /opt/microchip/xc32/v4.20/bin/bin/../../lib/gcc/pic32c/8.3.1/thumb/v6-m/nofp/crti.o
LOAD /opt/microchip/xc32/v4.20/bin/bin/../../lib/gcc/pic32c/8.3.1/thumb/v6-m/nofp/crtbegin.o
LOAD build/1_freertos_test/production/_ext/570142510/bsp.o
LOAD build/1_freertos_test/production/_ext/12196316/drv_usart.o
LOAD build/1_freertos_test/production/_ext/494935552/osal_freertos.o
LOAD build/1_freertos_test/production/_ext/1452858068/plib_clock.o
LOAD build/1_freertos_test/production/_ext/1450708582/plib_evsys.o
LOAD build/1_freertos_test/production/_ext/323623932/plib_nvic.o
LOAD build/1_freertos_test/production/_ext/1124830510/plib_nvmctrl.o
LOAD build/1_freertos_test/production/_ext/323570781/plib_port.o
LOAD build/1_freertos_test/production/_ext/1829038521/plib_sercom4_usart.o
LOAD build/1_freertos_test/production/_ext/1833140296/xc32_monitor.o
LOAD build/1_freertos_test/production/_ext/1672505237/sys_int.o
LOAD build/1_freertos_test/production/_ext/605666690/initialization.o
LOAD build/1_freertos_test/production/_ext/605666690/interrupts.o
LOAD build/1_freertos_test/production/_ext/605666690/exceptions.o
LOAD build/1_freertos_test/production/_ext/605666690/startup_xc32.o
LOAD build/1_freertos_test/production/_ext/605666690/libc_syscalls.o
LOAD build/1_freertos_test/production/_ext/605666690/freertos_hooks.o
LOAD build/1_freertos_test/production/_ext/605666690/tasks.o
LOAD build/1_freertos_test/production/_ext/1624415188/port.o
LOAD build/1_freertos_test/production/_ext/1665200909/heap_1.o
LOAD build/1_freertos_test/production/_ext/404212886/croutine.o
LOAD build/1_freertos_test/production/_ext/404212886/list.o
LOAD build/1_freertos_test/production/_ext/404212886/queue.o
LOAD build/1_freertos_test/production/_ext/404212886/FreeRTOS_tasks.o
LOAD build/1_freertos_test/production/_ext/404212886/timers.o
LOAD build/1_freertos_test/production/_ext/404212886/event_groups.o
LOAD build/1_freertos_test/production/_ext/404212886/stream_buffer.o
LOAD build/1_freertos_test/production/_ext/1360937237/main.o
LOAD build/1_freertos_test/production/_ext/1360937237/app_blink.o
LOAD build/1_freertos_test/production/_ext/1360937237/app_print.o
LOAD build/1_freertos_test/production/_ext/148998034/plib_can0.o
LOAD build/1_freertos_test/production/_ext/1360937237/app_can_tx.o
                0x00000001                __MPLAB_BUILD = 0x1
                0x00040000                __rom_end = (ORIGIN (rom) + LENGTH (rom))
                0x20008000                __ram_end = (ORIGIN (ram) + LENGTH (ram))

.config_00804000
 *(.config_00804000)

.config_00804004
 *(.config_00804004)

.vectors        0x00000000       0xbc
                0x00000000                . = ALIGN (0x4)
                0x00000000                _sfixed = .
 *(.vectors .vectors.* .vectors_default .vectors_default.*)
 .vectors.exception_table
                0x00000000       0xbc build/1_freertos_test/production/_ext/605666690/interrupts.o
                0x00000000                exception_table
 *(.isr_vector)
 *(.reset*)
 *(.after_vectors)

.text           0x000000bc       0x20
                0x000000bc                . = ALIGN (0x4)
 *(.glue_7t)
 .glue_7t       0x000000bc        0x0 linker stubs
 *(.glue_7)
 .glue_7        0x000000bc        0x0 linker stubs
 *(.gnu.linkonce.r.*)
 *(.ARM.extab* .gnu.linkonce.armextab.*)
                0x000000bc                . = ALIGN (0x4)
 *(.init)
 .init          0x000000bc        0x4 /opt/microchip/xc32/v4.20/bin/bin/../../lib/gcc/pic32c/8.3.1/thumb/v6-m/nofp/crti.o
                0x000000bc                _init
 .init          0x000000c0        0x8 /opt/microchip/xc32/v4.20/bin/bin/../../lib/gcc/pic32c/8.3.1/thumb/v6-m/nofp/crtn.o
                0x000000c8                . = ALIGN (0x4)
                0x000000c8                __preinit_array_start = .
 *(.preinit_array)
                0x000000c8                __preinit_array_end = .
                0x000000c8                . = ALIGN (0x4)
                0x000000c8                __init_array_start = .
 *(SORT_BY_NAME(.init_array.*))
 *(.init_array)
 .init_array    0x000000c8        0x4 /opt/microchip/xc32/v4.20/bin/bin/../../lib/gcc/pic32c/8.3.1/thumb/v6-m/nofp/crtbegin.o
                0x000000cc                __init_array_end = .
                0x000000cc                . = ALIGN (0x4)
 *crtbegin.o(.ctors)
 *(EXCLUDE_FILE(*crtend.o) .ctors)
 *(SORT_BY_NAME(.ctors.*))
 *crtend.o(.ctors)
                0x000000cc                . = ALIGN (0x4)
 *(.fini)
 .fini          0x000000cc        0x4 /opt/microchip/xc32/v4.20/bin/bin/../../lib/gcc/pic32c/8.3.1/thumb/v6-m/nofp/crti.o
                0x000000cc                _fini
 .fini          0x000000d0        0x8 /opt/microchip/xc32/v4.20/bin/bin/../../lib/gcc/pic32c/8.3.1/thumb/v6-m/nofp/crtn.o
                0x000000d8                . = ALIGN (0x4)
                0x000000d8                __fini_array_start = .
 *(.fini_array)
 .fini_array    0x000000d8        0x4 /opt/microchip/xc32/v4.20/bin/bin/../../lib/gcc/pic32c/8.3.1/thumb/v6-m/nofp/crtbegin.o
 *(SORT_BY_NAME(.fini_array.*))
                0x000000dc                __fini_array_end = .
 *crtbegin.o(.dtors)
 *(EXCLUDE_FILE(*crtend.o) .dtors)
 *(SORT_BY_NAME(.dtors.*))
 *crtend.o(.dtors)
                0x000000dc                . = ALIGN (0x4)
                0x000000dc                _efixed = .
                [!provide]                PROVIDE (__exidx_start = .)

.ARM.exidx      0x000000dc        0x8
 *(.ARM.exidx* .gnu.linkonce.armexidx.*)
 .ARM.exidx     0x000000dc        0x8 /opt/microchip/xc32/v4.20/bin/bin/../../lib/gcc/pic32c/8.3.1/thumb/v6-m/nofp/libgcc.a(_udivmoddi4.o)
                [!provide]                PROVIDE (__exidx_end = .)
                0x000000e4                . = ALIGN (0x4)
                0x000000e4                _etext = .

.bss            0x20000000        0x0
                0x20000000                . = ALIGN (0x4)
                0x20000000                __bss_start__ = .
                0x20000000                _sbss = .
                0x20000000                _szero = .
 *(COMMON)
                0x20000000                . = ALIGN (0x4)
                0x20000000                __bss_end__ = .
                0x20000000                _ebss = .
                0x20000000                _ezero = .
                0x20000000                . = ALIGN (0x4)
                0x20000000                _end = .
                0x20007fff                _ram_end_ = ((ORIGIN (ram) + LENGTH (ram)) - 0x1)
                0x00000200                _min_heap_size = 0x200
START GROUP
LOAD /opt/microchip/xc32/v4.20/bin/bin/../../lib/gcc/pic32c/8.3.1/../../../../pic32c/lib/thumb/v6-m/nofp/libpic32c.a
LOAD /opt/microchip/xc32/v4.20/bin/bin/../../lib/gcc/pic32c/8.3.1/../../../../pic32c/lib/thumb/v6-m/nofp/libm-emfloat.a
LOAD /opt/microchip/xc32/v4.20/bin/bin/../../lib/gcc/pic32c/8.3.1/../../../../pic32c/lib/thumb/v6-m/nofp/libc-musl.a
LOAD /opt/microchip/xc32/v4.20/bin/bin/../../lib/gcc/pic32c/8.3.1/../../../../pic32c/lib/thumb/v6-m/nofp/libm-emfloat.a
LOAD /opt/microchip/xc32/v4.20/bin/bin/../../lib/gcc/pic32c/8.3.1/thumb/v6-m/nofp/libgcc.a
END GROUP
LOAD /opt/microchip/xc32/v4.20/bin/bin/../../lib/gcc/pic32c/8.3.1/thumb/v6-m/nofp/crtend.o
LOAD /opt/microchip/xc32/v4.20/bin/bin/../../lib/gcc/pic32c/8.3.1/thumb/v6-m/nofp/crtn.o
OUTPUT(dist/1_freertos_test/production/1_freertos_test.X.production.elf elf32-littlearm)
LOAD stack
LOAD data_init

.ARM.attributes
                0x00000000       0x2c
 .ARM.attributes
                0x00000000       0x1e /opt/microchip/xc32/v4.20/bin/bin/../../lib/gcc/pic32c/8.3.1/thumb/v6-m/nofp/crti.o
 .ARM.attributes
                0x0000001e       0x2c /opt/microchip/xc32/v4.20/bin/bin/../../lib/gcc/pic32c/8.3.1/thumb/v6-m/nofp/crtbegin.o
 .ARM.attributes
                0x0000004a       0x2c build/1_freertos_test/production/_ext/570142510/bsp.o
 .ARM.attributes
                0x00000076       0x2c build/1_freertos_test/production/_ext/12196316/drv_usart.o
 .ARM.attributes
                0x000000a2       0x2c build/1_freertos_test/production/_ext/494935552/osal_freertos.o
 .ARM.attributes
                0x000000ce       0x2c build/1_freertos_test/production/_ext/1452858068/plib_clock.o
 .ARM.attributes
                0x000000fa       0x2c build/1_freertos_test/production/_ext/1450708582/plib_evsys.o
 .ARM.attributes
                0x00000126       0x2c build/1_freertos_test/production/_ext/323623932/plib_nvic.o
 .ARM.attributes
                0x00000152       0x2c build/1_freertos_test/production/_ext/1124830510/plib_nvmctrl.o
 .ARM.attributes
                0x0000017e       0x2c build/1_freertos_test/production/_ext/323570781/plib_port.o
 .ARM.attributes
                0x000001aa       0x2c build/1_freertos_test/production/_ext/1829038521/plib_sercom4_usart.o
 .ARM.attributes
                0x000001d6       0x2c build/1_freertos_test/production/_ext/605666690/initialization.o
 .ARM.attributes
                0x00000202       0x2c build/1_freertos_test/production/_ext/605666690/interrupts.o
 .ARM.attributes
                0x0000022e       0x2c build/1_freertos_test/production/_ext/605666690/exceptions.o
 .ARM.attributes
                0x0000025a       0x2c build/1_freertos_test/production/_ext/605666690/startup_xc32.o
 .ARM.attributes
                0x00000286       0x2c build/1_freertos_test/production/_ext/605666690/freertos_hooks.o
 .ARM.attributes
                0x000002b2       0x2c build/1_freertos_test/production/_ext/605666690/tasks.o
 .ARM.attributes
                0x000002de       0x2c build/1_freertos_test/production/_ext/1624415188/port.o
 .ARM.attributes
                0x0000030a       0x2c build/1_freertos_test/production/_ext/1665200909/heap_1.o
 .ARM.attributes
                0x00000336       0x2c build/1_freertos_test/production/_ext/404212886/list.o
 .ARM.attributes
                0x00000362       0x2c build/1_freertos_test/production/_ext/404212886/queue.o
 .ARM.attributes
                0x0000038e       0x2c build/1_freertos_test/production/_ext/404212886/FreeRTOS_tasks.o
 .ARM.attributes
                0x000003ba       0x2c build/1_freertos_test/production/_ext/1360937237/main.o
 .ARM.attributes
                0x000003e6       0x2c build/1_freertos_test/production/_ext/1360937237/app_blink.o
 .ARM.attributes
                0x00000412       0x2c build/1_freertos_test/production/_ext/1360937237/app_print.o
 .ARM.attributes
                0x0000043e       0x2c build/1_freertos_test/production/_ext/148998034/plib_can0.o
 .ARM.attributes
                0x0000046a       0x2c build/1_freertos_test/production/_ext/1360937237/app_can_tx.o
 .ARM.attributes
                0x00000496       0x2c /opt/microchip/xc32/v4.20/bin/bin/../../lib/gcc/pic32c/8.3.1/../../../../pic32c/lib/thumb/v6-m/nofp/libpic32c.a(data_init_wrapper.o)
 .ARM.attributes
                0x000004c2       0x2c /opt/microchip/xc32/v4.20/bin/bin/../../lib/gcc/pic32c/8.3.1/../../../../pic32c/lib/thumb/v6-m/nofp/libpic32c.a(data_init_0_1.o)
 .ARM.attributes
                0x000004ee       0x2e /opt/microchip/xc32/v4.20/bin/bin/../../lib/gcc/pic32c/8.3.1/../../../../pic32c/lib/thumb/v6-m/nofp/libc-musl.a(__libc_start_main.o)
 .ARM.attributes
                0x0000051c       0x2e /opt/microchip/xc32/v4.20/bin/bin/../../lib/gcc/pic32c/8.3.1/../../../../pic32c/lib/thumb/v6-m/nofp/libc-musl.a(libc.o)
 .ARM.attributes
                0x0000054a       0x2e /opt/microchip/xc32/v4.20/bin/bin/../../lib/gcc/pic32c/8.3.1/../../../../pic32c/lib/thumb/v6-m/nofp/libc-musl.a(memcpy.o)
 .ARM.attributes
                0x00000578       0x2e /opt/microchip/xc32/v4.20/bin/bin/../../lib/gcc/pic32c/8.3.1/../../../../pic32c/lib/thumb/v6-m/nofp/libc-musl.a(memset.o)
 .ARM.attributes
                0x000005a6       0x2e /opt/microchip/xc32/v4.20/bin/bin/../../lib/gcc/pic32c/8.3.1/../../../../pic32c/lib/thumb/v6-m/nofp/libc-musl.a(__environ.o)
 .ARM.attributes
                0x000005d4       0x1e /opt/microchip/xc32/v4.20/bin/bin/../../lib/gcc/pic32c/8.3.1/thumb/v6-m/nofp/libgcc.a(_aeabi_uldivmod.o)
 .ARM.attributes
                0x000005f2       0x2c /opt/microchip/xc32/v4.20/bin/bin/../../lib/gcc/pic32c/8.3.1/thumb/v6-m/nofp/libgcc.a(_udivmoddi4.o)
 .ARM.attributes
                0x0000061e       0x1e /opt/microchip/xc32/v4.20/bin/bin/../../lib/gcc/pic32c/8.3.1/thumb/v6-m/nofp/libgcc.a(_dvmd_tls.o)
 .ARM.attributes
                0x0000063c       0x1e /opt/microchip/xc32/v4.20/bin/bin/../../lib/gcc/pic32c/8.3.1/thumb/v6-m/nofp/libgcc.a(_lshrdi3.o)
 .ARM.attributes
                0x0000065a       0x1e /opt/microchip/xc32/v4.20/bin/bin/../../lib/gcc/pic32c/8.3.1/thumb/v6-m/nofp/libgcc.a(_ashldi3.o)
 .ARM.attributes
                0x00000678       0x1e /opt/microchip/xc32/v4.20/bin/bin/../../lib/gcc/pic32c/8.3.1/thumb/v6-m/nofp/libgcc.a(_clzdi2.o)
 .ARM.attributes
                0x00000696       0x1e /opt/microchip/xc32/v4.20/bin/bin/../../lib/gcc/pic32c/8.3.1/thumb/v6-m/nofp/libgcc.a(_clzsi2.o)
 .ARM.attributes
                0x000006b4       0x1e /opt/microchip/xc32/v4.20/bin/bin/../../lib/gcc/pic32c/8.3.1/thumb/v6-m/nofp/crtn.o

.comment        0x00000000       0x2b
 .comment       0x00000000       0x2b /opt/microchip/xc32/v4.20/bin/bin/../../lib/gcc/pic32c/8.3.1/thumb/v6-m/nofp/crtbegin.o
                                 0x2c (size before relaxing)
 .comment       0x0000002b       0x2c build/1_freertos_test/production/_ext/570142510/bsp.o
 .comment       0x0000002b       0x2c build/1_freertos_test/production/_ext/12196316/drv_usart.o
 .comment       0x0000002b       0x2c build/1_freertos_test/production/_ext/494935552/osal_freertos.o
 .comment       0x0000002b       0x2c build/1_freertos_test/production/_ext/1452858068/plib_clock.o
 .comment       0x0000002b       0x2c build/1_freertos_test/production/_ext/1450708582/plib_evsys.o
 .comment       0x0000002b       0x2c build/1_freertos_test/production/_ext/323623932/plib_nvic.o
 .comment       0x0000002b       0x2c build/1_freertos_test/production/_ext/1124830510/plib_nvmctrl.o
 .comment       0x0000002b       0x2c build/1_freertos_test/production/_ext/323570781/plib_port.o
 .comment       0x0000002b       0x2c build/1_freertos_test/production/_ext/1829038521/plib_sercom4_usart.o
 .comment       0x0000002b       0x2c build/1_freertos_test/production/_ext/605666690/initialization.o
 .comment       0x0000002b       0x2c build/1_freertos_test/production/_ext/605666690/interrupts.o
 .comment       0x0000002b       0x2c build/1_freertos_test/production/_ext/605666690/exceptions.o
 .comment       0x0000002b       0x2c build/1_freertos_test/production/_ext/605666690/startup_xc32.o
 .comment       0x0000002b       0x2c build/1_freertos_test/production/_ext/605666690/freertos_hooks.o
 .comment       0x0000002b       0x2c build/1_freertos_test/production/_ext/605666690/tasks.o
 .comment       0x0000002b       0x2c build/1_freertos_test/production/_ext/1624415188/port.o
 .comment       0x0000002b       0x2c build/1_freertos_test/production/_ext/1665200909/heap_1.o
 .comment       0x0000002b       0x2c build/1_freertos_test/production/_ext/404212886/list.o
 .comment       0x0000002b       0x2c build/1_freertos_test/production/_ext/404212886/queue.o
 .comment       0x0000002b       0x2c build/1_freertos_test/production/_ext/404212886/FreeRTOS_tasks.o
 .comment       0x0000002b       0x2c build/1_freertos_test/production/_ext/1360937237/main.o
 .comment       0x0000002b       0x2c build/1_freertos_test/production/_ext/1360937237/app_blink.o
 .comment       0x0000002b       0x2c build/1_freertos_test/production/_ext/1360937237/app_print.o
 .comment       0x0000002b       0x2c build/1_freertos_test/production/_ext/148998034/plib_can0.o
 .comment       0x0000002b       0x2c build/1_freertos_test/production/_ext/1360937237/app_can_tx.o
 .comment       0x0000002b       0x2c /opt/microchip/xc32/v4.20/bin/bin/../../lib/gcc/pic32c/8.3.1/../../../../pic32c/lib/thumb/v6-m/nofp/libpic32c.a(data_init_wrapper.o)
 .comment       0x0000002b       0x2c /opt/microchip/xc32/v4.20/bin/bin/../../lib/gcc/pic32c/8.3.1/../../../../pic32c/lib/thumb/v6-m/nofp/libpic32c.a(data_init_0_1.o)
 .comment       0x0000002b       0x2c /opt/microchip/xc32/v4.20/bin/bin/../../lib/gcc/pic32c/8.3.1/../../../../pic32c/lib/thumb/v6-m/nofp/libc-musl.a(__libc_start_main.o)
 .comment       0x0000002b       0x2c /opt/microchip/xc32/v4.20/bin/bin/../../lib/gcc/pic32c/8.3.1/../../../../pic32c/lib/thumb/v6-m/nofp/libc-musl.a(libc.o)
 .comment       0x0000002b       0x2c /opt/microchip/xc32/v4.20/bin/bin/../../lib/gcc/pic32c/8.3.1/../../../../pic32c/lib/thumb/v6-m/nofp/libc-musl.a(memcpy.o)
 .comment       0x0000002b       0x2c /opt/microchip/xc32/v4.20/bin/bin/../../lib/gcc/pic32c/8.3.1/../../../../pic32c/lib/thumb/v6-m/nofp/libc-musl.a(memset.o)
 .comment       0x0000002b       0x2c /opt/microchip/xc32/v4.20/bin/bin/../../lib/gcc/pic32c/8.3.1/../../../../pic32c/lib/thumb/v6-m/nofp/libc-musl.a(__environ.o)
 .comment       0x0000002b       0x2c /opt/microchip/xc32/v4.20/bin/bin/../../lib/gcc/pic32c/8.3.1/thumb/v6-m/nofp/libgcc.a(_udivmoddi4.o)

.debug_info     0x00000000    0x1521b
 .debug_info    0x00000000      0x52b build/1_freertos_test/production/_ext/570142510/bsp.o
 .debug_info    0x0000052b     0x1bc2 build/1_freertos_test/production/_ext/12196316/drv_usart.o
 .debug_info    0x000020ed      0xb85 build/1_freertos_test/production/_ext/494935552/osal_freertos.o
 .debug_info    0x00002c72      0xac9 build/1_freertos_test/production/_ext/1452858068/plib_clock.o
 .debug_info    0x0000373b      0x309 build/1_freertos_test/production/_ext/1450708582/plib_evsys.o
 .debug_info    0x00003a44      0xa59 build/1_freertos_test/production/_ext/323623932/plib_nvic.o
 .debug_info    0x0000449d      0xbc1 build/1_freertos_test/production/_ext/1124830510/plib_nvmctrl.o
 .debug_info    0x0000505e      0xd4b build/1_freertos_test/production/_ext/323570781/plib_port.o
 .debug_info    0x00005da9     0x1822 build/1_freertos_test/production/_ext/1829038521/plib_sercom4_usart.o
 .debug_info    0x000075cb     0x1561 build/1_freertos_test/production/_ext/605666690/initialization.o
 .debug_info    0x00008b2c      0x8ba build/1_freertos_test/production/_ext/605666690/interrupts.o
 .debug_info    0x000093e6      0x32d build/1_freertos_test/production/_ext/605666690/exceptions.o
 .debug_info    0x00009713      0x48e build/1_freertos_test/production/_ext/605666690/startup_xc32.o
 .debug_info    0x00009ba1      0x488 build/1_freertos_test/production/_ext/605666690/freertos_hooks.o
 .debug_info    0x0000a029      0x59a build/1_freertos_test/production/_ext/605666690/tasks.o
 .debug_info    0x0000a5c3      0x6d9 build/1_freertos_test/production/_ext/1624415188/port.o
 .debug_info    0x0000ac9c      0x500 build/1_freertos_test/production/_ext/1665200909/heap_1.o
 .debug_info    0x0000b19c      0x61b build/1_freertos_test/production/_ext/404212886/list.o
 .debug_info    0x0000b7b7     0x2042 build/1_freertos_test/production/_ext/404212886/queue.o
 .debug_info    0x0000d7f9     0x2f2e build/1_freertos_test/production/_ext/404212886/FreeRTOS_tasks.o
 .debug_info    0x00010727      0x31a build/1_freertos_test/production/_ext/1360937237/main.o
 .debug_info    0x00010a41      0x669 build/1_freertos_test/production/_ext/1360937237/app_blink.o
 .debug_info    0x000110aa      0x491 build/1_freertos_test/production/_ext/1360937237/app_print.o
 .debug_info    0x0001153b     0x195f build/1_freertos_test/production/_ext/148998034/plib_can0.o
 .debug_info    0x00012e9a      0x615 build/1_freertos_test/production/_ext/1360937237/app_can_tx.o
 .debug_info    0x000134af      0x296 /opt/microchip/xc32/v4.20/bin/bin/../../lib/gcc/pic32c/8.3.1/../../../../pic32c/lib/thumb/v6-m/nofp/libpic32c.a(data_init_wrapper.o)
 .debug_info    0x00013745      0x297 /opt/microchip/xc32/v4.20/bin/bin/../../lib/gcc/pic32c/8.3.1/../../../../pic32c/lib/thumb/v6-m/nofp/libpic32c.a(data_init_0_1.o)
 .debug_info    0x000139dc      0x615 /opt/microchip/xc32/v4.20/bin/bin/../../lib/gcc/pic32c/8.3.1/../../../../pic32c/lib/thumb/v6-m/nofp/libc-musl.a(__libc_start_main.o)
 .debug_info    0x00013ff1      0x527 /opt/microchip/xc32/v4.20/bin/bin/../../lib/gcc/pic32c/8.3.1/../../../../pic32c/lib/thumb/v6-m/nofp/libc-musl.a(libc.o)
 .debug_info    0x00014518      0x2e3 /opt/microchip/xc32/v4.20/bin/bin/../../lib/gcc/pic32c/8.3.1/../../../../pic32c/lib/thumb/v6-m/nofp/libc-musl.a(memcpy.o)
 .debug_info    0x000147fb      0x2a7 /opt/microchip/xc32/v4.20/bin/bin/../../lib/gcc/pic32c/8.3.1/../../../../pic32c/lib/thumb/v6-m/nofp/libc-musl.a(memset.o)
 .debug_info    0x00014aa2      0x2a1 /opt/microchip/xc32/v4.20/bin/bin/../../lib/gcc/pic32c/8.3.1/../../../../pic32c/lib/thumb/v6-m/nofp/libc-musl.a(__environ.o)
 .debug_info    0x00014d43       0x26 /opt/microchip/xc32/v4.20/bin/bin/../../lib/gcc/pic32c/8.3.1/thumb/v6-m/nofp/libgcc.a(_aeabi_uldivmod.o)
 .debug_info    0x00014d69      0x3f4 /opt/microchip/xc32/v4.20/bin/bin/../../lib/gcc/pic32c/8.3.1/thumb/v6-m/nofp/libgcc.a(_udivmoddi4.o)
 .debug_info    0x0001515d       0x26 /opt/microchip/xc32/v4.20/bin/bin/../../lib/gcc/pic32c/8.3.1/thumb/v6-m/nofp/libgcc.a(_dvmd_tls.o)
 .debug_info    0x00015183       0x26 /opt/microchip/xc32/v4.20/bin/bin/../../lib/gcc/pic32c/8.3.1/thumb/v6-m/nofp/libgcc.a(_lshrdi3.o)
 .debug_info    0x000151a9       0x26 /opt/microchip/xc32/v4.20/bin/bin/../../lib/gcc/pic32c/8.3.1/thumb/v6-m/nofp/libgcc.a(_ashldi3.o)
 .debug_info    0x000151cf       0x26 /opt/microchip/xc32/v4.20/bin/bin/../../lib/gcc/pic32c/8.3.1/thumb/v6-m/nofp/libgcc.a(_clzdi2.o)
 .debug_info    0x000151f5       0x26 /opt/microchip/xc32/v4.20/bin/bin/../../lib/gcc/pic32c/8.3.1/thumb/v6-m/nofp/libgcc.a(_clzsi2.o)

.debug_abbrev   0x00000000     0x2f8a
 .debug_abbrev  0x00000000       0xa8 build/1_freertos_test/production/_ext/570142510/bsp.o
 .debug_abbrev  0x000000a8      0x3ef build/1_freertos_test/production/_ext/12196316/drv_usart.o
 .debug_abbrev  0x00000497      0x1f9 build/1_freertos_test/production/_ext/494935552/osal_freertos.o
 .debug_abbrev  0x00000690      0x14f build/1_freertos_test/production/_ext/1452858068/plib_clock.o
 .debug_abbrev  0x000007df       0x3b build/1_freertos_test/production/_ext/1450708582/plib_evsys.o
 .debug_abbrev  0x0000081a      0x1e1 build/1_freertos_test/production/_ext/323623932/plib_nvic.o
 .debug_abbrev  0x000009fb      0x1ba build/1_freertos_test/production/_ext/1124830510/plib_nvmctrl.o
 .debug_abbrev  0x00000bb5      0x1d6 build/1_freertos_test/production/_ext/323570781/plib_port.o
 .debug_abbrev  0x00000d8b      0x39d build/1_freertos_test/production/_ext/1829038521/plib_sercom4_usart.o
 .debug_abbrev  0x00001128      0x249 build/1_freertos_test/production/_ext/605666690/initialization.o
 .debug_abbrev  0x00001371       0xb5 build/1_freertos_test/production/_ext/605666690/interrupts.o
 .debug_abbrev  0x00001426       0x3e build/1_freertos_test/production/_ext/605666690/exceptions.o
 .debug_abbrev  0x00001464      0x110 build/1_freertos_test/production/_ext/605666690/startup_xc32.o
 .debug_abbrev  0x00001574       0xf7 build/1_freertos_test/production/_ext/605666690/freertos_hooks.o
 .debug_abbrev  0x0000166b       0xf7 build/1_freertos_test/production/_ext/605666690/tasks.o
 .debug_abbrev  0x00001762      0x1cf build/1_freertos_test/production/_ext/1624415188/port.o
 .debug_abbrev  0x00001931      0x16c build/1_freertos_test/production/_ext/1665200909/heap_1.o
 .debug_abbrev  0x00001a9d      0x15e build/1_freertos_test/production/_ext/404212886/list.o
 .debug_abbrev  0x00001bfb      0x315 build/1_freertos_test/production/_ext/404212886/queue.o
 .debug_abbrev  0x00001f10      0x410 build/1_freertos_test/production/_ext/404212886/FreeRTOS_tasks.o
 .debug_abbrev  0x00002320       0x77 build/1_freertos_test/production/_ext/1360937237/main.o
 .debug_abbrev  0x00002397      0x15d build/1_freertos_test/production/_ext/1360937237/app_blink.o
 .debug_abbrev  0x000024f4      0x15d build/1_freertos_test/production/_ext/1360937237/app_print.o
 .debug_abbrev  0x00002651      0x2f0 build/1_freertos_test/production/_ext/148998034/plib_can0.o
 .debug_abbrev  0x00002941      0x18e build/1_freertos_test/production/_ext/1360937237/app_can_tx.o
 .debug_abbrev  0x00002acf       0x2e /opt/microchip/xc32/v4.20/bin/bin/../../lib/gcc/pic32c/8.3.1/../../../../pic32c/lib/thumb/v6-m/nofp/libpic32c.a(data_init_wrapper.o)
 .debug_abbrev  0x00002afd       0x2e /opt/microchip/xc32/v4.20/bin/bin/../../lib/gcc/pic32c/8.3.1/../../../../pic32c/lib/thumb/v6-m/nofp/libpic32c.a(data_init_0_1.o)
 .debug_abbrev  0x00002b2b      0x117 /opt/microchip/xc32/v4.20/bin/bin/../../lib/gcc/pic32c/8.3.1/../../../../pic32c/lib/thumb/v6-m/nofp/libc-musl.a(__libc_start_main.o)
 .debug_abbrev  0x00002c42       0xb8 /opt/microchip/xc32/v4.20/bin/bin/../../lib/gcc/pic32c/8.3.1/../../../../pic32c/lib/thumb/v6-m/nofp/libc-musl.a(libc.o)
 .debug_abbrev  0x00002cfa       0x9c /opt/microchip/xc32/v4.20/bin/bin/../../lib/gcc/pic32c/8.3.1/../../../../pic32c/lib/thumb/v6-m/nofp/libc-musl.a(memcpy.o)
 .debug_abbrev  0x00002d96       0x97 /opt/microchip/xc32/v4.20/bin/bin/../../lib/gcc/pic32c/8.3.1/../../../../pic32c/lib/thumb/v6-m/nofp/libc-musl.a(memset.o)
 .debug_abbrev  0x00002e2d       0x57 /opt/microchip/xc32/v4.20/bin/bin/../../lib/gcc/pic32c/8.3.1/../../../../pic32c/lib/thumb/v6-m/nofp/libc-musl.a(__environ.o)
 .debug_abbrev  0x00002e84       0x14 /opt/microchip/xc32/v4.20/bin/bin/../../lib/gcc/pic32c/8.3.1/thumb/v6-m/nofp/libgcc.a(_aeabi_uldivmod.o)
 .debug_abbrev  0x00002e98       0x8e /opt/microchip/xc32/v4.20/bin/bin/../../lib/gcc/pic32c/8.3.1/thumb/v6-m/nofp/libgcc.a(_udivmoddi4.o)
 .debug_abbrev  0x00002f26       0x14 /opt/microchip/xc32/v4.20/bin/bin/../../lib/gcc/pic32c/8.3.1/thumb/v6-m/nofp/libgcc.a(_dvmd_tls.o)
 .debug_abbrev  0x00002f3a       0x14 /opt/microchip/xc32/v4.20/bin/bin/../../lib/gcc/pic32c/8.3.1/thumb/v6-m/nofp/libgcc.a(_lshrdi3.o)
 .debug_abbrev  0x00002f4e       0x14 /opt/microchip/xc32/v4.20/bin/bin/../../lib/gcc/pic32c/8.3.1/thumb/v6-m/nofp/libgcc.a(_ashldi3.o)
 .debug_abbrev  0x00002f62       0x14 /opt/microchip/xc32/v4.20/bin/bin/../../lib/gcc/pic32c/8.3.1/thumb/v6-m/nofp/libgcc.a(_clzdi2.o)
 .debug_abbrev  0x00002f76       0x14 /opt/microchip/xc32/v4.20/bin/bin/../../lib/gcc/pic32c/8.3.1/thumb/v6-m/nofp/libgcc.a(_clzsi2.o)

.debug_aranges  0x00000000      0xa88
 .debug_aranges
                0x00000000       0x20 build/1_freertos_test/production/_ext/570142510/bsp.o
 .debug_aranges
                0x00000020       0x70 build/1_freertos_test/production/_ext/12196316/drv_usart.o
 .debug_aranges
                0x00000090       0x90 build/1_freertos_test/production/_ext/494935552/osal_freertos.o
 .debug_aranges
                0x00000120       0x20 build/1_freertos_test/production/_ext/1452858068/plib_clock.o
 .debug_aranges
                0x00000140       0x20 build/1_freertos_test/production/_ext/1450708582/plib_evsys.o
 .debug_aranges
                0x00000160       0x38 build/1_freertos_test/production/_ext/323623932/plib_nvic.o
 .debug_aranges
                0x00000198       0xa0 build/1_freertos_test/production/_ext/1124830510/plib_nvmctrl.o
 .debug_aranges
                0x00000238       0x70 build/1_freertos_test/production/_ext/323570781/plib_port.o
 .debug_aranges
                0x000002a8       0xb8 build/1_freertos_test/production/_ext/1829038521/plib_sercom4_usart.o
 .debug_aranges
                0x00000360       0x20 build/1_freertos_test/production/_ext/605666690/initialization.o
 .debug_aranges
                0x00000380       0x20 build/1_freertos_test/production/_ext/605666690/interrupts.o
 .debug_aranges
                0x000003a0       0x28 build/1_freertos_test/production/_ext/605666690/exceptions.o
 .debug_aranges
                0x000003c8       0x28 build/1_freertos_test/production/_ext/605666690/startup_xc32.o
 .debug_aranges
                0x000003f0       0x40 build/1_freertos_test/production/_ext/605666690/freertos_hooks.o
 .debug_aranges
                0x00000430       0x38 build/1_freertos_test/production/_ext/605666690/tasks.o
 .debug_aranges
                0x00000468       0x88 build/1_freertos_test/production/_ext/1624415188/port.o
 .debug_aranges
                0x000004f0       0x38 build/1_freertos_test/production/_ext/1665200909/heap_1.o
 .debug_aranges
                0x00000528       0x40 build/1_freertos_test/production/_ext/404212886/list.o
 .debug_aranges
                0x00000568       0xc8 build/1_freertos_test/production/_ext/404212886/queue.o
 .debug_aranges
                0x00000630      0x178 build/1_freertos_test/production/_ext/404212886/FreeRTOS_tasks.o
 .debug_aranges
                0x000007a8       0x20 build/1_freertos_test/production/_ext/1360937237/main.o
 .debug_aranges
                0x000007c8       0x28 build/1_freertos_test/production/_ext/1360937237/app_blink.o
 .debug_aranges
                0x000007f0       0x28 build/1_freertos_test/production/_ext/1360937237/app_print.o
 .debug_aranges
                0x00000818       0x90 build/1_freertos_test/production/_ext/148998034/plib_can0.o
 .debug_aranges
                0x000008a8       0x28 build/1_freertos_test/production/_ext/1360937237/app_can_tx.o
 .debug_aranges
                0x000008d0       0x20 /opt/microchip/xc32/v4.20/bin/bin/../../lib/gcc/pic32c/8.3.1/../../../../pic32c/lib/thumb/v6-m/nofp/libpic32c.a(data_init_wrapper.o)
 .debug_aranges
                0x000008f0       0x20 /opt/microchip/xc32/v4.20/bin/bin/../../lib/gcc/pic32c/8.3.1/../../../../pic32c/lib/thumb/v6-m/nofp/libpic32c.a(data_init_0_1.o)
 .debug_aranges
                0x00000910       0x28 /opt/microchip/xc32/v4.20/bin/bin/../../lib/gcc/pic32c/8.3.1/../../../../pic32c/lib/thumb/v6-m/nofp/libc-musl.a(__libc_start_main.o)
 .debug_aranges
                0x00000938       0x18 /opt/microchip/xc32/v4.20/bin/bin/../../lib/gcc/pic32c/8.3.1/../../../../pic32c/lib/thumb/v6-m/nofp/libc-musl.a(libc.o)
 .debug_aranges
                0x00000950       0x20 /opt/microchip/xc32/v4.20/bin/bin/../../lib/gcc/pic32c/8.3.1/../../../../pic32c/lib/thumb/v6-m/nofp/libc-musl.a(memcpy.o)
 .debug_aranges
                0x00000970       0x20 /opt/microchip/xc32/v4.20/bin/bin/../../lib/gcc/pic32c/8.3.1/../../../../pic32c/lib/thumb/v6-m/nofp/libc-musl.a(memset.o)
 .debug_aranges
                0x00000990       0x18 /opt/microchip/xc32/v4.20/bin/bin/../../lib/gcc/pic32c/8.3.1/../../../../pic32c/lib/thumb/v6-m/nofp/libc-musl.a(__environ.o)
 .debug_aranges
                0x000009a8       0x20 /opt/microchip/xc32/v4.20/bin/bin/../../lib/gcc/pic32c/8.3.1/thumb/v6-m/nofp/libgcc.a(_aeabi_uldivmod.o)
 .debug_aranges
                0x000009c8       0x20 /opt/microchip/xc32/v4.20/bin/bin/../../lib/gcc/pic32c/8.3.1/thumb/v6-m/nofp/libgcc.a(_udivmoddi4.o)
 .debug_aranges
                0x000009e8       0x20 /opt/microchip/xc32/v4.20/bin/bin/../../lib/gcc/pic32c/8.3.1/thumb/v6-m/nofp/libgcc.a(_dvmd_tls.o)
 .debug_aranges
                0x00000a08       0x20 /opt/microchip/xc32/v4.20/bin/bin/../../lib/gcc/pic32c/8.3.1/thumb/v6-m/nofp/libgcc.a(_lshrdi3.o)
 .debug_aranges
                0x00000a28       0x20 /opt/microchip/xc32/v4.20/bin/bin/../../lib/gcc/pic32c/8.3.1/thumb/v6-m/nofp/libgcc.a(_ashldi3.o)
 .debug_aranges
                0x00000a48       0x20 /opt/microchip/xc32/v4.20/bin/bin/../../lib/gcc/pic32c/8.3.1/thumb/v6-m/nofp/libgcc.a(_clzdi2.o)
 .debug_aranges
                0x00000a68       0x20 /opt/microchip/xc32/v4.20/bin/bin/../../lib/gcc/pic32c/8.3.1/thumb/v6-m/nofp/libgcc.a(_clzsi2.o)

.debug_ranges   0x00000000      0xb78
 .debug_ranges  0x00000000       0x10 build/1_freertos_test/production/_ext/570142510/bsp.o
 .debug_ranges  0x00000010       0x90 build/1_freertos_test/production/_ext/12196316/drv_usart.o
 .debug_ranges  0x000000a0       0x80 build/1_freertos_test/production/_ext/494935552/osal_freertos.o
 .debug_ranges  0x00000120       0x10 build/1_freertos_test/production/_ext/1452858068/plib_clock.o
 .debug_ranges  0x00000130       0x10 build/1_freertos_test/production/_ext/1450708582/plib_evsys.o
 .debug_ranges  0x00000140       0x28 build/1_freertos_test/production/_ext/323623932/plib_nvic.o
 .debug_ranges  0x00000168       0x90 build/1_freertos_test/production/_ext/1124830510/plib_nvmctrl.o
 .debug_ranges  0x000001f8       0x60 build/1_freertos_test/production/_ext/323570781/plib_port.o
 .debug_ranges  0x00000258       0xd8 build/1_freertos_test/production/_ext/1829038521/plib_sercom4_usart.o
 .debug_ranges  0x00000330       0x10 build/1_freertos_test/production/_ext/605666690/initialization.o
 .debug_ranges  0x00000340       0x10 build/1_freertos_test/production/_ext/605666690/interrupts.o
 .debug_ranges  0x00000350       0x18 build/1_freertos_test/production/_ext/605666690/exceptions.o
 .debug_ranges  0x00000368       0x18 build/1_freertos_test/production/_ext/605666690/startup_xc32.o
 .debug_ranges  0x00000380       0x30 build/1_freertos_test/production/_ext/605666690/freertos_hooks.o
 .debug_ranges  0x000003b0       0x28 build/1_freertos_test/production/_ext/605666690/tasks.o
 .debug_ranges  0x000003d8       0x78 build/1_freertos_test/production/_ext/1624415188/port.o
 .debug_ranges  0x00000450       0x28 build/1_freertos_test/production/_ext/1665200909/heap_1.o
 .debug_ranges  0x00000478       0x30 build/1_freertos_test/production/_ext/404212886/list.o
 .debug_ranges  0x000004a8      0x1a8 build/1_freertos_test/production/_ext/404212886/queue.o
 .debug_ranges  0x00000650      0x3e0 build/1_freertos_test/production/_ext/404212886/FreeRTOS_tasks.o
 .debug_ranges  0x00000a30       0x10 build/1_freertos_test/production/_ext/1360937237/main.o
 .debug_ranges  0x00000a40       0x18 build/1_freertos_test/production/_ext/1360937237/app_blink.o
 .debug_ranges  0x00000a58       0x18 build/1_freertos_test/production/_ext/1360937237/app_print.o
 .debug_ranges  0x00000a70       0x80 build/1_freertos_test/production/_ext/148998034/plib_can0.o
 .debug_ranges  0x00000af0       0x18 build/1_freertos_test/production/_ext/1360937237/app_can_tx.o
 .debug_ranges  0x00000b08       0x10 /opt/microchip/xc32/v4.20/bin/bin/../../lib/gcc/pic32c/8.3.1/../../../../pic32c/lib/thumb/v6-m/nofp/libpic32c.a(data_init_wrapper.o)
 .debug_ranges  0x00000b18       0x10 /opt/microchip/xc32/v4.20/bin/bin/../../lib/gcc/pic32c/8.3.1/../../../../pic32c/lib/thumb/v6-m/nofp/libpic32c.a(data_init_0_1.o)
 .debug_ranges  0x00000b28       0x30 /opt/microchip/xc32/v4.20/bin/bin/../../lib/gcc/pic32c/8.3.1/../../../../pic32c/lib/thumb/v6-m/nofp/libc-musl.a(__libc_start_main.o)
 .debug_ranges  0x00000b58       0x10 /opt/microchip/xc32/v4.20/bin/bin/../../lib/gcc/pic32c/8.3.1/../../../../pic32c/lib/thumb/v6-m/nofp/libc-musl.a(memcpy.o)
 .debug_ranges  0x00000b68       0x10 /opt/microchip/xc32/v4.20/bin/bin/../../lib/gcc/pic32c/8.3.1/../../../../pic32c/lib/thumb/v6-m/nofp/libc-musl.a(memset.o)

.debug_line     0x00000000     0x72c1
 .debug_line    0x00000000       0xd4 build/1_freertos_test/production/_ext/570142510/bsp.o
 .debug_line    0x000000d4      0x7e7 build/1_freertos_test/production/_ext/12196316/drv_usart.o
 .debug_line    0x000008bb      0x432 build/1_freertos_test/production/_ext/494935552/osal_freertos.o
 .debug_line    0x00000ced      0x1e9 build/1_freertos_test/production/_ext/1452858068/plib_clock.o
 .debug_line    0x00000ed6       0x6e build/1_freertos_test/production/_ext/1450708582/plib_evsys.o
 .debug_line    0x00000f44      0x298 build/1_freertos_test/production/_ext/323623932/plib_nvic.o
 .debug_line    0x000011dc      0x44a build/1_freertos_test/production/_ext/1124830510/plib_nvmctrl.o
 .debug_line    0x00001626      0x2b6 build/1_freertos_test/production/_ext/323570781/plib_port.o
 .debug_line    0x000018dc      0x8de build/1_freertos_test/production/_ext/1829038521/plib_sercom4_usart.o
 .debug_line    0x000021ba      0x4be build/1_freertos_test/production/_ext/605666690/initialization.o
 .debug_line    0x00002678       0xb6 build/1_freertos_test/production/_ext/605666690/interrupts.o
 .debug_line    0x0000272e       0x76 build/1_freertos_test/production/_ext/605666690/exceptions.o
 .debug_line    0x000027a4      0x147 build/1_freertos_test/production/_ext/605666690/startup_xc32.o
 .debug_line    0x000028eb      0x169 build/1_freertos_test/production/_ext/605666690/freertos_hooks.o
 .debug_line    0x00002a54      0x175 build/1_freertos_test/production/_ext/605666690/tasks.o
 .debug_line    0x00002bc9      0x31e build/1_freertos_test/production/_ext/1624415188/port.o
 .debug_line    0x00002ee7      0x203 build/1_freertos_test/production/_ext/1665200909/heap_1.o
 .debug_line    0x000030ea      0x2c1 build/1_freertos_test/production/_ext/404212886/list.o
 .debug_line    0x000033ab      0xe7e build/1_freertos_test/production/_ext/404212886/queue.o
 .debug_line    0x00004229     0x183a build/1_freertos_test/production/_ext/404212886/FreeRTOS_tasks.o
 .debug_line    0x00005a63       0x75 build/1_freertos_test/production/_ext/1360937237/main.o
 .debug_line    0x00005ad8      0x193 build/1_freertos_test/production/_ext/1360937237/app_blink.o
 .debug_line    0x00005c6b      0x1c5 build/1_freertos_test/production/_ext/1360937237/app_print.o
 .debug_line    0x00005e30      0x5f7 build/1_freertos_test/production/_ext/148998034/plib_can0.o
 .debug_line    0x00006427      0x221 build/1_freertos_test/production/_ext/1360937237/app_can_tx.o
 .debug_line    0x00006648       0xab /opt/microchip/xc32/v4.20/bin/bin/../../lib/gcc/pic32c/8.3.1/../../../../pic32c/lib/thumb/v6-m/nofp/libpic32c.a(data_init_wrapper.o)
 .debug_line    0x000066f3      0x113 /opt/microchip/xc32/v4.20/bin/bin/../../lib/gcc/pic32c/8.3.1/../../../../pic32c/lib/thumb/v6-m/nofp/libpic32c.a(data_init_0_1.o)
 .debug_line    0x00006806      0x1c8 /opt/microchip/xc32/v4.20/bin/bin/../../lib/gcc/pic32c/8.3.1/../../../../pic32c/lib/thumb/v6-m/nofp/libc-musl.a(__libc_start_main.o)
 .debug_line    0x000069ce       0xbb /opt/microchip/xc32/v4.20/bin/bin/../../lib/gcc/pic32c/8.3.1/../../../../pic32c/lib/thumb/v6-m/nofp/libc-musl.a(libc.o)
 .debug_line    0x00006a89       0xf3 /opt/microchip/xc32/v4.20/bin/bin/../../lib/gcc/pic32c/8.3.1/../../../../pic32c/lib/thumb/v6-m/nofp/libc-musl.a(memcpy.o)
 .debug_line    0x00006b7c       0xe7 /opt/microchip/xc32/v4.20/bin/bin/../../lib/gcc/pic32c/8.3.1/../../../../pic32c/lib/thumb/v6-m/nofp/libc-musl.a(memset.o)
 .debug_line    0x00006c63      0x107 /opt/microchip/xc32/v4.20/bin/bin/../../lib/gcc/pic32c/8.3.1/../../../../pic32c/lib/thumb/v6-m/nofp/libc-musl.a(__environ.o)
 .debug_line    0x00006d6a       0xa2 /opt/microchip/xc32/v4.20/bin/bin/../../lib/gcc/pic32c/8.3.1/thumb/v6-m/nofp/libgcc.a(_aeabi_uldivmod.o)
 .debug_line    0x00006e0c      0x18e /opt/microchip/xc32/v4.20/bin/bin/../../lib/gcc/pic32c/8.3.1/thumb/v6-m/nofp/libgcc.a(_udivmoddi4.o)
 .debug_line    0x00006f9a       0x97 /opt/microchip/xc32/v4.20/bin/bin/../../lib/gcc/pic32c/8.3.1/thumb/v6-m/nofp/libgcc.a(_dvmd_tls.o)
 .debug_line    0x00007031       0xa2 /opt/microchip/xc32/v4.20/bin/bin/../../lib/gcc/pic32c/8.3.1/thumb/v6-m/nofp/libgcc.a(_lshrdi3.o)
 .debug_line    0x000070d3       0xa2 /opt/microchip/xc32/v4.20/bin/bin/../../lib/gcc/pic32c/8.3.1/thumb/v6-m/nofp/libgcc.a(_ashldi3.o)
 .debug_line    0x00007175       0xa1 /opt/microchip/xc32/v4.20/bin/bin/../../lib/gcc/pic32c/8.3.1/thumb/v6-m/nofp/libgcc.a(_clzdi2.o)
 .debug_line    0x00007216       0xab /opt/microchip/xc32/v4.20/bin/bin/../../lib/gcc/pic32c/8.3.1/thumb/v6-m/nofp/libgcc.a(_clzsi2.o)

.debug_str      0x00000000     0x1209
 .debug_str     0x00000000        0x0 build/1_freertos_test/production/_ext/570142510/bsp.o
 .debug_str     0x00000000      0x116 build/1_freertos_test/production/_ext/12196316/drv_usart.o
 .debug_str     0x00000116      0x13b build/1_freertos_test/production/_ext/494935552/osal_freertos.o
 .debug_str     0x00000251       0x1e build/1_freertos_test/production/_ext/1452858068/plib_clock.o
 .debug_str     0x0000026f        0x0 build/1_freertos_test/production/_ext/1450708582/plib_evsys.o
 .debug_str     0x0000026f        0xa build/1_freertos_test/production/_ext/323623932/plib_nvic.o
 .debug_str     0x00000279       0x16 build/1_freertos_test/production/_ext/1124830510/plib_nvmctrl.o
 .debug_str     0x0000028f        0xb build/1_freertos_test/production/_ext/323570781/plib_port.o
 .debug_str     0x0000029a      0x10e build/1_freertos_test/production/_ext/1829038521/plib_sercom4_usart.o
 .debug_str     0x000003a8      0x150 build/1_freertos_test/production/_ext/605666690/initialization.o
 .debug_str     0x000004f8        0x0 build/1_freertos_test/production/_ext/605666690/interrupts.o
 .debug_str     0x000004f8        0x0 build/1_freertos_test/production/_ext/605666690/exceptions.o
 .debug_str     0x000004f8       0x2f build/1_freertos_test/production/_ext/605666690/startup_xc32.o
 .debug_str     0x00000527       0x25 build/1_freertos_test/production/_ext/605666690/freertos_hooks.o
 .debug_str     0x0000054c       0x5e build/1_freertos_test/production/_ext/605666690/tasks.o
 .debug_str     0x000005aa       0x26 build/1_freertos_test/production/_ext/1624415188/port.o
 .debug_str     0x000005d0       0x3c build/1_freertos_test/production/_ext/1665200909/heap_1.o
 .debug_str     0x0000060c       0x2b build/1_freertos_test/production/_ext/404212886/list.o
 .debug_str     0x00000637      0x2bf build/1_freertos_test/production/_ext/404212886/queue.o
 .debug_str     0x000008f6      0x2d5 build/1_freertos_test/production/_ext/404212886/FreeRTOS_tasks.o
 .debug_str     0x00000bcb       0x19 build/1_freertos_test/production/_ext/1360937237/main.o
 .debug_str     0x00000be4        0xb build/1_freertos_test/production/_ext/1360937237/app_blink.o
 .debug_str     0x00000bef       0x3e build/1_freertos_test/production/_ext/1360937237/app_print.o
 .debug_str     0x00000c2d       0x35 build/1_freertos_test/production/_ext/148998034/plib_can0.o
 .debug_str     0x00000c62       0x3d build/1_freertos_test/production/_ext/1360937237/app_can_tx.o
 .debug_str     0x00000c9f        0x0 /opt/microchip/xc32/v4.20/bin/bin/../../lib/gcc/pic32c/8.3.1/../../../../pic32c/lib/thumb/v6-m/nofp/libpic32c.a(data_init_wrapper.o)
 .debug_str     0x00000c9f        0x0 /opt/microchip/xc32/v4.20/bin/bin/../../lib/gcc/pic32c/8.3.1/../../../../pic32c/lib/thumb/v6-m/nofp/libpic32c.a(data_init_0_1.o)
 .debug_str     0x00000c9f        0x0 /opt/microchip/xc32/v4.20/bin/bin/../../lib/gcc/pic32c/8.3.1/../../../../pic32c/lib/thumb/v6-m/nofp/libc-musl.a(__libc_start_main.o)
 .debug_str     0x00000c9f        0x0 /opt/microchip/xc32/v4.20/bin/bin/../../lib/gcc/pic32c/8.3.1/../../../../pic32c/lib/thumb/v6-m/nofp/libc-musl.a(libc.o)
 .debug_str     0x00000c9f        0x0 /opt/microchip/xc32/v4.20/bin/bin/../../lib/gcc/pic32c/8.3.1/../../../../pic32c/lib/thumb/v6-m/nofp/libc-musl.a(memcpy.o)
 .debug_str     0x00000c9f        0x0 /opt/microchip/xc32/v4.20/bin/bin/../../lib/gcc/pic32c/8.3.1/../../../../pic32c/lib/thumb/v6-m/nofp/libc-musl.a(memset.o)
 .debug_str     0x00000c9f        0x0 /opt/microchip/xc32/v4.20/bin/bin/../../lib/gcc/pic32c/8.3.1/../../../../pic32c/lib/thumb/v6-m/nofp/libc-musl.a(__environ.o)
 .debug_str     0x00000c9f       0xe7 /opt/microchip/xc32/v4.20/bin/bin/../../lib/gcc/pic32c/8.3.1/thumb/v6-m/nofp/libgcc.a(_aeabi_uldivmod.o)
 .debug_str     0x00000d86        0x0 /opt/microchip/xc32/v4.20/bin/bin/../../lib/gcc/pic32c/8.3.1/thumb/v6-m/nofp/libgcc.a(_udivmoddi4.o)
 .debug_str     0x00000d86       0xe7 /opt/microchip/xc32/v4.20/bin/bin/../../lib/gcc/pic32c/8.3.1/thumb/v6-m/nofp/libgcc.a(_dvmd_tls.o)
 .debug_str     0x00000e6d       0xe7 /opt/microchip/xc32/v4.20/bin/bin/../../lib/gcc/pic32c/8.3.1/thumb/v6-m/nofp/libgcc.a(_lshrdi3.o)
 .debug_str     0x00000f54       0xe7 /opt/microchip/xc32/v4.20/bin/bin/../../lib/gcc/pic32c/8.3.1/thumb/v6-m/nofp/libgcc.a(_ashldi3.o)
 .debug_str     0x0000103b       0xe7 /opt/microchip/xc32/v4.20/bin/bin/../../lib/gcc/pic32c/8.3.1/thumb/v6-m/nofp/libgcc.a(_clzdi2.o)
 .debug_str     0x00001122       0xe7 /opt/microchip/xc32/v4.20/bin/bin/../../lib/gcc/pic32c/8.3.1/thumb/v6-m/nofp/libgcc.a(_clzsi2.o)

.debug_frame    0x00000000     0x1450
 .debug_frame   0x00000000       0x20 build/1_freertos_test/production/_ext/570142510/bsp.o
 .debug_frame   0x00000020      0x128 build/1_freertos_test/production/_ext/12196316/drv_usart.o
 .debug_frame   0x00000148      0x174 build/1_freertos_test/production/_ext/494935552/osal_freertos.o
 .debug_frame   0x000002bc       0x20 build/1_freertos_test/production/_ext/1452858068/plib_clock.o
 .debug_frame   0x000002dc       0x20 build/1_freertos_test/production/_ext/1450708582/plib_evsys.o
 .debug_frame   0x000002fc       0x50 build/1_freertos_test/production/_ext/323623932/plib_nvic.o
 .debug_frame   0x0000034c      0x148 build/1_freertos_test/production/_ext/1124830510/plib_nvmctrl.o
 .debug_frame   0x00000494       0xcc build/1_freertos_test/production/_ext/323570781/plib_port.o
 .debug_frame   0x00000560      0x18c build/1_freertos_test/production/_ext/1829038521/plib_sercom4_usart.o
 .debug_frame   0x000006ec       0x28 build/1_freertos_test/production/_ext/605666690/initialization.o
 .debug_frame   0x00000714       0x20 build/1_freertos_test/production/_ext/605666690/interrupts.o
 .debug_frame   0x00000734       0x30 build/1_freertos_test/production/_ext/605666690/exceptions.o
 .debug_frame   0x00000764       0x38 build/1_freertos_test/production/_ext/605666690/startup_xc32.o
 .debug_frame   0x0000079c       0x68 build/1_freertos_test/production/_ext/605666690/freertos_hooks.o
 .debug_frame   0x00000804       0x74 build/1_freertos_test/production/_ext/605666690/tasks.o
 .debug_frame   0x00000878      0x10c build/1_freertos_test/production/_ext/1624415188/port.o
 .debug_frame   0x00000984       0x5c build/1_freertos_test/production/_ext/1665200909/heap_1.o
 .debug_frame   0x000009e0       0x6c build/1_freertos_test/production/_ext/404212886/list.o
 .debug_frame   0x00000a4c      0x270 build/1_freertos_test/production/_ext/404212886/queue.o
 .debug_frame   0x00000cbc      0x470 build/1_freertos_test/production/_ext/404212886/FreeRTOS_tasks.o
 .debug_frame   0x0000112c       0x28 build/1_freertos_test/production/_ext/1360937237/main.o
 .debug_frame   0x00001154       0x38 build/1_freertos_test/production/_ext/1360937237/app_blink.o
 .debug_frame   0x0000118c       0x3c build/1_freertos_test/production/_ext/1360937237/app_print.o
 .debug_frame   0x000011c8      0x140 build/1_freertos_test/production/_ext/148998034/plib_can0.o
 .debug_frame   0x00001308       0x40 build/1_freertos_test/production/_ext/1360937237/app_can_tx.o
 .debug_frame   0x00001348       0x28 /opt/microchip/xc32/v4.20/bin/bin/../../lib/gcc/pic32c/8.3.1/../../../../pic32c/lib/thumb/v6-m/nofp/libpic32c.a(data_init_wrapper.o)
 .debug_frame   0x00001370       0x30 /opt/microchip/xc32/v4.20/bin/bin/../../lib/gcc/pic32c/8.3.1/../../../../pic32c/lib/thumb/v6-m/nofp/libpic32c.a(data_init_0_1.o)
 .debug_frame   0x000013a0       0x38 /opt/microchip/xc32/v4.20/bin/bin/../../lib/gcc/pic32c/8.3.1/../../../../pic32c/lib/thumb/v6-m/nofp/libc-musl.a(__libc_start_main.o)
 .debug_frame   0x000013d8       0x28 /opt/microchip/xc32/v4.20/bin/bin/../../lib/gcc/pic32c/8.3.1/../../../../pic32c/lib/thumb/v6-m/nofp/libc-musl.a(memcpy.o)
 .debug_frame   0x00001400       0x20 /opt/microchip/xc32/v4.20/bin/bin/../../lib/gcc/pic32c/8.3.1/../../../../pic32c/lib/thumb/v6-m/nofp/libc-musl.a(memset.o)
 .debug_frame   0x00001420       0x30 /opt/microchip/xc32/v4.20/bin/bin/../../lib/gcc/pic32c/8.3.1/thumb/v6-m/nofp/libgcc.a(_udivmoddi4.o)

.debug_loc      0x00000000     0x7725
 .debug_loc     0x00000000      0xd77 build/1_freertos_test/production/_ext/12196316/drv_usart.o
 .debug_loc     0x00000d77      0x70a build/1_freertos_test/production/_ext/494935552/osal_freertos.o
 .debug_loc     0x00001481       0x45 build/1_freertos_test/production/_ext/1452858068/plib_clock.o
 .debug_loc     0x000014c6       0x70 build/1_freertos_test/production/_ext/323623932/plib_nvic.o
 .debug_loc     0x00001536      0x689 build/1_freertos_test/production/_ext/1124830510/plib_nvmctrl.o
 .debug_loc     0x00001bbf      0x226 build/1_freertos_test/production/_ext/323570781/plib_port.o
 .debug_loc     0x00001de5      0x666 build/1_freertos_test/production/_ext/1829038521/plib_sercom4_usart.o
 .debug_loc     0x0000244b       0x45 build/1_freertos_test/production/_ext/605666690/initialization.o
 .debug_loc     0x00002490       0x20 build/1_freertos_test/production/_ext/605666690/startup_xc32.o
 .debug_loc     0x000024b0       0x76 build/1_freertos_test/production/_ext/605666690/freertos_hooks.o
 .debug_loc     0x00002526       0xfb build/1_freertos_test/production/_ext/605666690/tasks.o
 .debug_loc     0x00002621      0x14d build/1_freertos_test/production/_ext/1624415188/port.o
 .debug_loc     0x0000276e       0x8f build/1_freertos_test/production/_ext/1665200909/heap_1.o
 .debug_loc     0x000027fd       0xa6 build/1_freertos_test/production/_ext/404212886/list.o
 .debug_loc     0x000028a3     0x19b4 build/1_freertos_test/production/_ext/404212886/queue.o
 .debug_loc     0x00004257     0x253f build/1_freertos_test/production/_ext/404212886/FreeRTOS_tasks.o
 .debug_loc     0x00006796       0x20 build/1_freertos_test/production/_ext/1360937237/main.o
 .debug_loc     0x000067b6       0x36 build/1_freertos_test/production/_ext/1360937237/app_blink.o
 .debug_loc     0x000067ec       0x42 build/1_freertos_test/production/_ext/1360937237/app_print.o
 .debug_loc     0x0000682e      0x9ab build/1_freertos_test/production/_ext/148998034/plib_can0.o
 .debug_loc     0x000071d9       0x56 build/1_freertos_test/production/_ext/1360937237/app_can_tx.o
 .debug_loc     0x0000722f       0x14 /opt/microchip/xc32/v4.20/bin/bin/../../lib/gcc/pic32c/8.3.1/../../../../pic32c/lib/thumb/v6-m/nofp/libpic32c.a(data_init_wrapper.o)
 .debug_loc     0x00007243       0x14 /opt/microchip/xc32/v4.20/bin/bin/../../lib/gcc/pic32c/8.3.1/../../../../pic32c/lib/thumb/v6-m/nofp/libpic32c.a(data_init_0_1.o)
 .debug_loc     0x00007257       0x5e /opt/microchip/xc32/v4.20/bin/bin/../../lib/gcc/pic32c/8.3.1/../../../../pic32c/lib/thumb/v6-m/nofp/libc-musl.a(__libc_start_main.o)
 .debug_loc     0x000072b5      0x109 /opt/microchip/xc32/v4.20/bin/bin/../../lib/gcc/pic32c/8.3.1/../../../../pic32c/lib/thumb/v6-m/nofp/libc-musl.a(memcpy.o)
 .debug_loc     0x000073be       0x80 /opt/microchip/xc32/v4.20/bin/bin/../../lib/gcc/pic32c/8.3.1/../../../../pic32c/lib/thumb/v6-m/nofp/libc-musl.a(memset.o)
 .debug_loc     0x0000743e      0x2e7 /opt/microchip/xc32/v4.20/bin/bin/../../lib/gcc/pic32c/8.3.1/thumb/v6-m/nofp/libgcc.a(_udivmoddi4.o)

.note.GNU-stack
                0x00000000        0x0
 .note.GNU-stack
                0x00000000        0x0 /opt/microchip/xc32/v4.20/bin/bin/../../lib/gcc/pic32c/8.3.1/../../../../pic32c/lib/thumb/v6-m/nofp/libc-musl.a(__libc_start_main.o)
 .note.GNU-stack
                0x00000000        0x0 /opt/microchip/xc32/v4.20/bin/bin/../../lib/gcc/pic32c/8.3.1/../../../../pic32c/lib/thumb/v6-m/nofp/libc-musl.a(libc.o)
 .note.GNU-stack
                0x00000000        0x0 /opt/microchip/xc32/v4.20/bin/bin/../../lib/gcc/pic32c/8.3.1/../../../../pic32c/lib/thumb/v6-m/nofp/libc-musl.a(memcpy.o)
 .note.GNU-stack
                0x00000000        0x0 /opt/microchip/xc32/v4.20/bin/bin/../../lib/gcc/pic32c/8.3.1/../../../../pic32c/lib/thumb/v6-m/nofp/libc-musl.a(memset.o)
 .note.GNU-stack
                0x00000000        0x0 /opt/microchip/xc32/v4.20/bin/bin/../../lib/gcc/pic32c/8.3.1/../../../../pic32c/lib/thumb/v6-m/nofp/libc-musl.a(__environ.o)

.stack          0x200014e8      0x100
 .stack         0x200014e8      0x100 stack

.bss.ucHeap%1   0x20000000     0x1000
 .bss.ucHeap    0x20000000     0x1000 build/1_freertos_test/production/_ext/1665200909/heap_1.o

.bss.Can0MessageRAM%2
                0x20001000       0x68
 .bss.Can0MessageRAM
                0x20001000       0x68 build/1_freertos_test/production/_ext/1360937237/app_can_tx.o
                0x20001000                Can0MessageRAM

.bss.pxReadyTasksLists%3
                0x20001068       0x64
 .bss.pxReadyTasksLists
                0x20001068       0x64 build/1_freertos_test/production/_ext/404212886/FreeRTOS_tasks.o

.bss.gDrvUSARTObj%4
                0x200010cc       0x50
 .bss.gDrvUSARTObj
                0x200010cc       0x50 build/1_freertos_test/production/_ext/12196316/drv_usart.o

.bss%5          0x2000111c       0x50
 .bss           0x2000111c       0x50 /opt/microchip/xc32/v4.20/bin/bin/../../lib/gcc/pic32c/8.3.1/../../../../pic32c/lib/thumb/v6-m/nofp/libc-musl.a(libc.o)
                0x2000111c                program_invocation_name
                0x2000111c                __progname_full
                0x20001120                __progname
                0x20001120                program_invocation_short_name
                0x20001124                __sysinfo
                0x20001128                __hwcap
                0x2000112c                __libc

.bss.sercom4USARTObj%6
                0x2000116c       0x30
 .bss.sercom4USARTObj
                0x2000116c       0x30 build/1_freertos_test/production/_ext/1829038521/plib_sercom4_usart.o

.bss%7          0x2000119c       0x1c
 .bss           0x2000119c       0x1c /opt/microchip/xc32/v4.20/bin/bin/../../lib/gcc/pic32c/8.3.1/thumb/v6-m/nofp/crtbegin.o

.bss.can0Obj%8  0x200011b8       0x1c
 .bss.can0Obj   0x200011b8       0x1c build/1_freertos_test/production/_ext/148998034/plib_can0.o

.bss.xDelayedTaskList1%9
                0x200011d4       0x14
 .bss.xDelayedTaskList1
                0x200011d4       0x14 build/1_freertos_test/production/_ext/404212886/FreeRTOS_tasks.o

.bss.xDelayedTaskList2%10
                0x200011e8       0x14
 .bss.xDelayedTaskList2
                0x200011e8       0x14 build/1_freertos_test/production/_ext/404212886/FreeRTOS_tasks.o

.bss.xPendingReadyList%11
                0x200011fc       0x14
 .bss.xPendingReadyList
                0x200011fc       0x14 build/1_freertos_test/production/_ext/404212886/FreeRTOS_tasks.o

.bss.xSuspendedTaskList%12
                0x20001210       0x14
 .bss.xSuspendedTaskList
                0x20001210       0x14 build/1_freertos_test/production/_ext/404212886/FreeRTOS_tasks.o

.bss.xTasksWaitingTermination%13
                0x20001224       0x14
 .bss.xTasksWaitingTermination
                0x20001224       0x14 build/1_freertos_test/production/_ext/404212886/FreeRTOS_tasks.o

.bss.drvUSART0ClientObjPool%14
                0x20001238       0x10
 .bss.drvUSART0ClientObjPool
                0x20001238       0x10 build/1_freertos_test/production/_ext/605666690/initialization.o

.bss.txFiFo%15  0x20001248       0x10
 .bss.txFiFo    0x20001248       0x10 build/1_freertos_test/production/_ext/1360937237/app_can_tx.o

.bss.sysObj%16  0x20001258        0x4
 .bss.sysObj    0x20001258        0x4 build/1_freertos_test/production/_ext/605666690/initialization.o
                0x20001258                sysObj

.bss.xAPP_BLINK_Tasks%17
                0x2000125c        0x4
 .bss.xAPP_BLINK_Tasks
                0x2000125c        0x4 build/1_freertos_test/production/_ext/605666690/tasks.o
                0x2000125c                xAPP_BLINK_Tasks

.bss.xAPP_CAN_TX_Tasks%18
                0x20001260        0x4
 .bss.xAPP_CAN_TX_Tasks
                0x20001260        0x4 build/1_freertos_test/production/_ext/605666690/tasks.o
                0x20001260                xAPP_CAN_TX_Tasks

.bss.xAPP_PRINT_Tasks%19
                0x20001264        0x4
 .bss.xAPP_PRINT_Tasks
                0x20001264        0x4 build/1_freertos_test/production/_ext/605666690/tasks.o
                0x20001264                xAPP_PRINT_Tasks

.bss.pucAlignedHeap.4854%20
                0x20001268        0x4
 .bss.pucAlignedHeap.4854
                0x20001268        0x4 build/1_freertos_test/production/_ext/1665200909/heap_1.o

.bss.xNextFreeByte%21
                0x2000126c        0x4
 .bss.xNextFreeByte
                0x2000126c        0x4 build/1_freertos_test/production/_ext/1665200909/heap_1.o

.bss.pxCurrentTCB%22
                0x20001270        0x4
 .bss.pxCurrentTCB
                0x20001270        0x4 build/1_freertos_test/production/_ext/404212886/FreeRTOS_tasks.o
                0x20001270                pxCurrentTCB

.bss.pxDelayedTaskList%23
                0x20001274        0x4
 .bss.pxDelayedTaskList
                0x20001274        0x4 build/1_freertos_test/production/_ext/404212886/FreeRTOS_tasks.o

.bss.pxOverflowDelayedTaskList%24
                0x20001278        0x4
 .bss.pxOverflowDelayedTaskList
                0x20001278        0x4 build/1_freertos_test/production/_ext/404212886/FreeRTOS_tasks.o

.bss.uxCurrentNumberOfTasks%25
                0x2000127c        0x4
 .bss.uxCurrentNumberOfTasks
                0x2000127c        0x4 build/1_freertos_test/production/_ext/404212886/FreeRTOS_tasks.o

.bss.uxDeletedTasksWaitingCleanUp%26
                0x20001280        0x4
 .bss.uxDeletedTasksWaitingCleanUp
                0x20001280        0x4 build/1_freertos_test/production/_ext/404212886/FreeRTOS_tasks.o

.bss.uxSchedulerSuspended%27
                0x20001284        0x4
 .bss.uxSchedulerSuspended
                0x20001284        0x4 build/1_freertos_test/production/_ext/404212886/FreeRTOS_tasks.o

.bss.uxTaskNumber%28
                0x20001288        0x4
 .bss.uxTaskNumber
                0x20001288        0x4 build/1_freertos_test/production/_ext/404212886/FreeRTOS_tasks.o

.bss.uxTopReadyPriority%29
                0x2000128c        0x4
 .bss.uxTopReadyPriority
                0x2000128c        0x4 build/1_freertos_test/production/_ext/404212886/FreeRTOS_tasks.o

.bss.xIdleTaskHandle%30
                0x20001290        0x4
 .bss.xIdleTaskHandle
                0x20001290        0x4 build/1_freertos_test/production/_ext/404212886/FreeRTOS_tasks.o

.bss.xNextTaskUnblockTime%31
                0x20001294        0x4
 .bss.xNextTaskUnblockTime
                0x20001294        0x4 build/1_freertos_test/production/_ext/404212886/FreeRTOS_tasks.o

.bss.xNumOfOverflows%32
                0x20001298        0x4
 .bss.xNumOfOverflows
                0x20001298        0x4 build/1_freertos_test/production/_ext/404212886/FreeRTOS_tasks.o

.bss.xPendedTicks%33
                0x2000129c        0x4
 .bss.xPendedTicks
                0x2000129c        0x4 build/1_freertos_test/production/_ext/404212886/FreeRTOS_tasks.o

.bss.xSchedulerRunning%34
                0x200012a0        0x4
 .bss.xSchedulerRunning
                0x200012a0        0x4 build/1_freertos_test/production/_ext/404212886/FreeRTOS_tasks.o

.bss.xTickCount%35
                0x200012a4        0x4
 .bss.xTickCount
                0x200012a4        0x4 build/1_freertos_test/production/_ext/404212886/FreeRTOS_tasks.o

.bss.xYieldPending%36
                0x200012a8        0x4
 .bss.xYieldPending
                0x200012a8        0x4 build/1_freertos_test/production/_ext/404212886/FreeRTOS_tasks.o

.bss.txBuffer%37
                0x200012ac        0x4
 .bss.txBuffer  0x200012ac        0x4 build/1_freertos_test/production/_ext/1360937237/app_can_tx.o
                0x200012ac                txBuffer

.bss%38         0x200012b0        0x8
 .bss           0x200012b0        0x4 /opt/microchip/xc32/v4.20/bin/bin/../../lib/gcc/pic32c/8.3.1/../../../../pic32c/lib/thumb/v6-m/nofp/libpic32c.a(data_init_0_1.o)
 .bss           0x200012b4        0x4 /opt/microchip/xc32/v4.20/bin/bin/../../lib/gcc/pic32c/8.3.1/../../../../pic32c/lib/thumb/v6-m/nofp/libc-musl.a(__environ.o)
                0x200012b4                _environ
                0x200012b4                __environ
                0x200012b4                environ
                0x200012b4                ___environ

.bss.app_can_txData%40
                0x200012b8        0x1
 .bss.app_can_txData
                0x200012b8        0x1 build/1_freertos_test/production/_ext/1360937237/app_can_tx.o
                0x200012b8                app_can_txData

.bss.app_printData%41
                0x200012bc        0x1
 .bss.app_printData
                0x200012bc        0x1 build/1_freertos_test/production/_ext/1360937237/app_print.o
                0x200012bc                app_printData

.bss.app_blinkData%42
                0x200012c0        0x1
 .bss.app_blinkData
                0x200012c0        0x1 build/1_freertos_test/production/_ext/1360937237/app_blink.o
                0x200012c0                app_blinkData

.bss.loop_count%43
                0x200012b9        0x1
 .bss.loop_count
                0x200012b9        0x1 build/1_freertos_test/production/_ext/1360937237/app_can_tx.o

.data.uxCriticalNesting%44
                0x200012c4        0x4
 .data.uxCriticalNesting
                0x200012c4        0x4 build/1_freertos_test/production/_ext/1624415188/port.o

.data.uxTopUsedPriority%45
                0x200012c8        0x4
 .data.uxTopUsedPriority
                0x200012c8        0x4 build/1_freertos_test/production/_ext/404212886/FreeRTOS_tasks.o
                0x200012c8                uxTopUsedPriority

.eh_frame%z1    0x00000000        0x0
 .eh_frame      0x00000000        0x0 /opt/microchip/xc32/v4.20/bin/bin/../../lib/gcc/pic32c/8.3.1/thumb/v6-m/nofp/crtbegin.o

.config_00804000.__config_00804000%46
                0x00804000        0x4
 .config_00804000.__config_00804000
                0x00804000        0x4 build/1_freertos_test/production/_ext/605666690/initialization.o
                0x00804000                __config_00804000

.config_00804004.__config_00804004%47
                0x00804004        0x4
 .config_00804004.__config_00804004
                0x00804004        0x4 build/1_freertos_test/production/_ext/605666690/initialization.o
                0x00804004                __config_00804004

.dinit%48       0x000000e4      0x230
 .dinit         0x000000e4      0x230 data_init

.text.xTaskCreate%49
                0x00000314      0x208
 .text.xTaskCreate
                0x00000314      0x208 build/1_freertos_test/production/_ext/404212886/FreeRTOS_tasks.o
                0x00000314                xTaskCreate

.text.xTaskIncrementTick%50
                0x0000051c      0x190
 .text.xTaskIncrementTick
                0x0000051c      0x190 build/1_freertos_test/production/_ext/404212886/FreeRTOS_tasks.o
                0x0000051c                xTaskIncrementTick

.text.SERCOM4_USART_InterruptHandler%51
                0x000006ac      0x16c
 .text.SERCOM4_USART_InterruptHandler
                0x000006ac      0x16c build/1_freertos_test/production/_ext/1829038521/plib_sercom4_usart.o
                0x000006ac                SERCOM4_USART_InterruptHandler

.text.xTaskResumeAll%52
                0x00000818      0x164
 .text.xTaskResumeAll
                0x00000818      0x164 build/1_freertos_test/production/_ext/404212886/FreeRTOS_tasks.o
                0x00000818                xTaskResumeAll

.text.SERCOM4_USART_SerialSetup%53
                0x0000097c      0x138
 .text.SERCOM4_USART_SerialSetup
                0x0000097c      0x138 build/1_freertos_test/production/_ext/1829038521/plib_sercom4_usart.o
                0x0000097c                SERCOM4_USART_SerialSetup

.text.xQueueGenericSend%54
                0x00000ab4      0x108
 .text.xQueueGenericSend
                0x00000ab4      0x108 build/1_freertos_test/production/_ext/404212886/queue.o
                0x00000ab4                xQueueGenericSend

.text%55        0x00000bbc       0xe2
 .text          0x00000bbc       0xe2 /opt/microchip/xc32/v4.20/bin/bin/../../lib/gcc/pic32c/8.3.1/thumb/v6-m/nofp/libgcc.a(_udivmoddi4.o)
                0x00000bbc                __udivmoddi4

.text.xTaskRemoveFromEventList%56
                0x00000ca0       0xe0
 .text.xTaskRemoveFromEventList
                0x00000ca0       0xe0 build/1_freertos_test/production/_ext/404212886/FreeRTOS_tasks.o
                0x00000ca0                xTaskRemoveFromEventList

.text.DRV_USART_Initialize%57
                0x00000d80       0xdc
 .text.DRV_USART_Initialize
                0x00000d80       0xdc build/1_freertos_test/production/_ext/12196316/drv_usart.o
                0x00000d80                DRV_USART_Initialize

.text.vTaskSwitchContext%58
                0x00000e5c       0xc4
 .text.vTaskSwitchContext
                0x00000e5c       0xc4 build/1_freertos_test/production/_ext/404212886/FreeRTOS_tasks.o
                0x00000e5c                vTaskSwitchContext

.text.xQueueGenericReset%59
                0x00000f20       0xb2
 .text.xQueueGenericReset
                0x00000f20       0xb2 build/1_freertos_test/production/_ext/404212886/queue.o
                0x00000f20                xQueueGenericReset

.text.CAN0_MessageRAMConfigSet%60
                0x00000fd4       0x98
 .text.CAN0_MessageRAMConfigSet
                0x00000fd4       0x98 build/1_freertos_test/production/_ext/148998034/plib_can0.o
                0x00000fd4                CAN0_MessageRAMConfigSet

.text.CLOCK_Initialize%61
                0x0000106c       0x94
 .text.CLOCK_Initialize
                0x0000106c       0x94 build/1_freertos_test/production/_ext/1452858068/plib_clock.o
                0x0000106c                CLOCK_Initialize

.text.prvAddCurrentTaskToDelayedList%62
                0x00001100       0x94
 .text.prvAddCurrentTaskToDelayedList
                0x00001100       0x94 build/1_freertos_test/production/_ext/404212886/FreeRTOS_tasks.o

.text.pvPortMalloc%63
                0x00001194       0x90
 .text.pvPortMalloc
                0x00001194       0x90 build/1_freertos_test/production/_ext/1665200909/heap_1.o
                0x00001194                pvPortMalloc

.text.prvUnlockQueue%64
                0x00001224       0x86
 .text.prvUnlockQueue
                0x00001224       0x86 build/1_freertos_test/production/_ext/404212886/queue.o

.text.xTaskPriorityDisinherit%65
                0x000012ac       0x80
 .text.xTaskPriorityDisinherit
                0x000012ac       0x80 build/1_freertos_test/production/_ext/404212886/FreeRTOS_tasks.o
                0x000012ac                xTaskPriorityDisinherit

.text.xQueueGenericCreate%66
                0x0000132c       0x7e
 .text.xQueueGenericCreate
                0x0000132c       0x7e build/1_freertos_test/production/_ext/404212886/queue.o
                0x0000132c                xQueueGenericCreate

.text.prvCopyDataToQueue%67
                0x000013aa       0x76
 .text.prvCopyDataToQueue
                0x000013aa       0x76 build/1_freertos_test/production/_ext/404212886/queue.o

.text.SERCOM4_USART_Write%68
                0x00001420       0x74
 .text.SERCOM4_USART_Write
                0x00001420       0x74 build/1_freertos_test/production/_ext/1829038521/plib_sercom4_usart.o
                0x00001420                SERCOM4_USART_Write

.text.APP_CAN_TX_Tasks%69
                0x00001494       0x70
 .text.APP_CAN_TX_Tasks
                0x00001494       0x70 build/1_freertos_test/production/_ext/1360937237/app_can_tx.o
                0x00001494                APP_CAN_TX_Tasks

.text.__pic32c_data_initialization_impl%70
                0x00001504       0x70
 .text.__pic32c_data_initialization_impl
                0x00001504       0x70 /opt/microchip/xc32/v4.20/bin/bin/../../lib/gcc/pic32c/8.3.1/../../../../pic32c/lib/thumb/v6-m/nofp/libpic32c.a(data_init_0_1.o)
                0x00001504                __pic32c_data_initialization_impl
                0x00001504                __copy_needed

.text.SYS_Tasks%71
                0x00001574       0x68
 .text.SYS_Tasks
                0x00001574       0x68 build/1_freertos_test/production/_ext/605666690/tasks.o
                0x00001574                SYS_Tasks

.text.prvIdleTask%72
                0x000015dc       0x68
 .text.prvIdleTask
                0x000015dc       0x68 build/1_freertos_test/production/_ext/404212886/FreeRTOS_tasks.o

.text.vTaskStartScheduler%73
                0x00001644       0x5c
 .text.vTaskStartScheduler
                0x00001644       0x5c build/1_freertos_test/production/_ext/404212886/FreeRTOS_tasks.o
                0x00001644                vTaskStartScheduler

.text.xTaskCheckForTimeOut%74
                0x000016a0       0x5c
 .text.xTaskCheckForTimeOut
                0x000016a0       0x5c build/1_freertos_test/production/_ext/404212886/FreeRTOS_tasks.o
                0x000016a0                xTaskCheckForTimeOut

.text.__libc_start_init%75
                0x000016fc       0x5c
 .text.__libc_start_init
                0x000016fc       0x5c /opt/microchip/xc32/v4.20/bin/bin/../../lib/gcc/pic32c/8.3.1/../../../../pic32c/lib/thumb/v6-m/nofp/libc-musl.a(__libc_start_main.o)
                0x000016fc                __libc_init_array

.text.OSAL_SEM_Create%76
                0x00001758       0x5a
 .text.OSAL_SEM_Create
                0x00001758       0x5a build/1_freertos_test/production/_ext/494935552/osal_freertos.o
                0x00001758                OSAL_SEM_Create

.text.xQueueGiveFromISR%77
                0x000017b2       0x5a
 .text.xQueueGiveFromISR
                0x000017b2       0x5a build/1_freertos_test/production/_ext/404212886/queue.o
                0x000017b2                xQueueGiveFromISR

.text.SERCOM4_USART_Initialize%78
                0x0000180c       0x58
 .text.SERCOM4_USART_Initialize
                0x0000180c       0x58 build/1_freertos_test/production/_ext/1829038521/plib_sercom4_usart.o
                0x0000180c                SERCOM4_USART_Initialize

.text.CAN0_Initialize%79
                0x00001864       0x54
 .text.CAN0_Initialize
                0x00001864       0x54 build/1_freertos_test/production/_ext/148998034/plib_can0.o
                0x00001864                CAN0_Initialize

.text._DRV_USART_RX_PLIB_CallbackHandler%80
                0x000018b8       0x50
 .text._DRV_USART_RX_PLIB_CallbackHandler
                0x000018b8       0x50 build/1_freertos_test/production/_ext/12196316/drv_usart.o

.text.SYS_Initialize%81
                0x00001908       0x50
 .text.SYS_Initialize
                0x00001908       0x50 build/1_freertos_test/production/_ext/605666690/initialization.o
                0x00001908                SYS_Initialize

.text%82        0x00001958       0x48
 .text          0x00001958       0x48 /opt/microchip/xc32/v4.20/bin/bin/../../lib/gcc/pic32c/8.3.1/thumb/v6-m/nofp/crtbegin.o

.text.Reset_Handler%83
                0x000019a0       0x48
 .text.Reset_Handler
                0x000019a0       0x48 build/1_freertos_test/production/_ext/605666690/startup_xc32.o
                0x000019a0                Reset_Handler

.text.APP_PRINT_Tasks%84
                0x000019e8       0x48
 .text.APP_PRINT_Tasks
                0x000019e8       0x48 build/1_freertos_test/production/_ext/1360937237/app_print.o
                0x000019e8                APP_PRINT_Tasks

.text.SERCOM4_USART_Read%85
                0x00001a30       0x44
 .text.SERCOM4_USART_Read
                0x00001a30       0x44 build/1_freertos_test/production/_ext/1829038521/plib_sercom4_usart.o
                0x00001a30                SERCOM4_USART_Read

.text.xPortPendSVHandler%86
                0x00001a80       0x44
 .text.xPortPendSVHandler
                0x00001a80       0x44 build/1_freertos_test/production/_ext/1624415188/port.o
                0x00001a80                xPortPendSVHandler

.text.CAN0_MessageTransmitFifo%87
                0x00001ac4       0x40
 .text.CAN0_MessageTransmitFifo
                0x00001ac4       0x40 build/1_freertos_test/production/_ext/148998034/plib_can0.o
                0x00001ac4                CAN0_MessageTransmitFifo

.text%88        0x00001b04       0x40
 .text          0x00001b04       0x40 /opt/microchip/xc32/v4.20/bin/bin/../../lib/gcc/pic32c/8.3.1/thumb/v6-m/nofp/libgcc.a(_aeabi_uldivmod.o)
                0x00001b04                __aeabi_uldivmod

.text.xPortStartScheduler%89
                0x00001b44       0x3c
 .text.xPortStartScheduler
                0x00001b44       0x3c build/1_freertos_test/production/_ext/1624415188/port.o
                0x00001b44                xPortStartScheduler

.text%90        0x00001b80       0x3c
 .text          0x00001b80       0x3c /opt/microchip/xc32/v4.20/bin/bin/../../lib/gcc/pic32c/8.3.1/thumb/v6-m/nofp/libgcc.a(_clzsi2.o)
                0x00001b80                __clzsi2

.text.PORT_Initialize%91
                0x00001bbc       0x38
 .text.PORT_Initialize
                0x00001bbc       0x38 build/1_freertos_test/production/_ext/323570781/plib_port.o
                0x00001bbc                PORT_Initialize

.text.OSAL_SEM_PostISR%92
                0x00001bf4       0x34
 .text.OSAL_SEM_PostISR
                0x00001bf4       0x34 build/1_freertos_test/production/_ext/494935552/osal_freertos.o
                0x00001bf4                OSAL_SEM_PostISR

.rodata%93      0x00001c28       0x34
 .rodata        0x00001c28       0x34 build/1_freertos_test/production/_ext/605666690/tasks.o

.text.vPortStartFirstTask%94
                0x00001c60       0x34
 .text.vPortStartFirstTask
                0x00001c60       0x34 build/1_freertos_test/production/_ext/1624415188/port.o

.text.APP_BLINK_Tasks%95
                0x00001c94       0x30
 .text.APP_BLINK_Tasks
                0x00001c94       0x30 build/1_freertos_test/production/_ext/1360937237/app_blink.o
                0x00001c94                APP_BLINK_Tasks

.text.vListInsert%96
                0x00001cc4       0x2e
 .text.vListInsert
                0x00001cc4       0x2e build/1_freertos_test/production/_ext/404212886/list.o
                0x00001cc4                vListInsert

.text.NVIC_Initialize%97
                0x00001cf4       0x2c
 .text.NVIC_Initialize
                0x00001cf4       0x2c build/1_freertos_test/production/_ext/323623932/plib_nvic.o
                0x00001cf4                NVIC_Initialize

.text.SERCOM4_USART_ErrorClear%98
                0x00001d20       0x2c
 .text.SERCOM4_USART_ErrorClear
                0x00001d20       0x2c build/1_freertos_test/production/_ext/1829038521/plib_sercom4_usart.o

.rodata.drvUsart0PlibAPI%99
                0x00001d4c       0x2c
 .rodata.drvUsart0PlibAPI
                0x00001d4c       0x2c build/1_freertos_test/production/_ext/605666690/initialization.o
                0x00001d4c                drvUsart0PlibAPI

.text.prvResetNextTaskUnblockTime%100
                0x00001d78       0x2c
 .text.prvResetNextTaskUnblockTime
                0x00001d78       0x2c build/1_freertos_test/production/_ext/404212886/FreeRTOS_tasks.o

.text.SERCOM4_USART_ReadAbort%101
                0x00001da4       0x28
 .text.SERCOM4_USART_ReadAbort
                0x00001da4       0x28 build/1_freertos_test/production/_ext/1829038521/plib_sercom4_usart.o
                0x00001da4                SERCOM4_USART_ReadAbort

.text.vPortSetupTimerInterrupt%102
                0x00001dcc       0x28
 .text.vPortSetupTimerInterrupt
                0x00001dcc       0x28 build/1_freertos_test/production/_ext/1624415188/port.o
                0x00001dcc                vPortSetupTimerInterrupt

.text.uxListRemove%103
                0x00001df4       0x26
 .text.uxListRemove
                0x00001df4       0x26 build/1_freertos_test/production/_ext/404212886/list.o
                0x00001df4                uxListRemove

.text.xQueueCreateCountingSemaphore%104
                0x00001e1a       0x26
 .text.xQueueCreateCountingSemaphore
                0x00001e1a       0x26 build/1_freertos_test/production/_ext/404212886/queue.o
                0x00001e1a                xQueueCreateCountingSemaphore

.text.xPortSysTickHandler%105
                0x00001e40       0x24
 .text.xPortSysTickHandler
                0x00001e40       0x24 build/1_freertos_test/production/_ext/1624415188/port.o
                0x00001e40                xPortSysTickHandler

.text.xQueueCreateMutex%106
                0x00001e64       0x24
 .text.xQueueCreateMutex
                0x00001e64       0x24 build/1_freertos_test/production/_ext/404212886/queue.o
                0x00001e64                xQueueCreateMutex

.rodata.drvUsart0InitData%107
                0x00001e88       0x20
 .rodata.drvUsart0InitData
                0x00001e88       0x20 build/1_freertos_test/production/_ext/605666690/initialization.o
                0x00001e88                drvUsart0InitData

.text.pxPortInitialiseStack%108
                0x00001ea8       0x20
 .text.pxPortInitialiseStack
                0x00001ea8       0x20 build/1_freertos_test/production/_ext/1624415188/port.o
                0x00001ea8                pxPortInitialiseStack

.text.vTaskDelay%109
                0x00001ec8       0x20
 .text.vTaskDelay
                0x00001ec8       0x20 build/1_freertos_test/production/_ext/404212886/FreeRTOS_tasks.o
                0x00001ec8                vTaskDelay

.text.vTaskPlaceOnEventList%110
                0x00001ee8       0x1c
 .text.vTaskPlaceOnEventList
                0x00001ee8       0x1c build/1_freertos_test/production/_ext/404212886/FreeRTOS_tasks.o
                0x00001ee8                vTaskPlaceOnEventList

.text.OSAL_MUTEX_Create%111
                0x00001f04       0x1a
 .text.OSAL_MUTEX_Create
                0x00001f04       0x1a build/1_freertos_test/production/_ext/494935552/osal_freertos.o
                0x00001f04                OSAL_MUTEX_Create

.rodata.drvUsart0remapParity%112
                0x00001f20       0x18
 .rodata.drvUsart0remapParity
                0x00001f20       0x18 build/1_freertos_test/production/_ext/605666690/initialization.o
                0x00001f20                drvUsart0remapParity

.text.vPortYield%113
                0x00001f38       0x18
 .text.vPortYield
                0x00001f38       0x18 build/1_freertos_test/production/_ext/1624415188/port.o
                0x00001f38                vPortYield

.text.vPortEnterCritical%114
                0x00001f50       0x18
 .text.vPortEnterCritical
                0x00001f50       0x18 build/1_freertos_test/production/_ext/1624415188/port.o
                0x00001f50                vPortEnterCritical

.text.vTaskInternalSetTimeOutState%115
                0x00001f68       0x18
 .text.vTaskInternalSetTimeOutState
                0x00001f68       0x18 build/1_freertos_test/production/_ext/404212886/FreeRTOS_tasks.o
                0x00001f68                vTaskInternalSetTimeOutState

.text.APP_CAN_TX_Initialize%116
                0x00001f80       0x18
 .text.APP_CAN_TX_Initialize
                0x00001f80       0x18 build/1_freertos_test/production/_ext/1360937237/app_can_tx.o
                0x00001f80                APP_CAN_TX_Initialize

.text%117       0x00001f98       0x48
 .text          0x00001f98       0x18 /opt/microchip/xc32/v4.20/bin/bin/../../lib/gcc/pic32c/8.3.1/thumb/v6-m/nofp/libgcc.a(_lshrdi3.o)
                0x00001f98                __aeabi_llsr
                0x00001f98                __lshrdi3
 .text          0x00001fb0       0x18 /opt/microchip/xc32/v4.20/bin/bin/../../lib/gcc/pic32c/8.3.1/thumb/v6-m/nofp/libgcc.a(_ashldi3.o)
                0x00001fb0                __ashldi3
                0x00001fb0                __aeabi_llsl
 .text          0x00001fc8       0x18 /opt/microchip/xc32/v4.20/bin/bin/../../lib/gcc/pic32c/8.3.1/thumb/v6-m/nofp/libgcc.a(_clzdi2.o)
                0x00001fc8                __clzdi2

.text.vListInitialise%120
                0x00001fe0       0x16
 .text.vListInitialise
                0x00001fe0       0x16 build/1_freertos_test/production/_ext/404212886/list.o
                0x00001fe0                vListInitialise

.rodata.drvUsart0remapDataWidth%121
                0x00001ff8       0x14
 .rodata.drvUsart0remapDataWidth
                0x00001ff8       0x14 build/1_freertos_test/production/_ext/605666690/initialization.o
                0x00001ff8                drvUsart0remapDataWidth

.text.vPortExitCritical%122
                0x0000200c       0x14
 .text.vPortExitCritical
                0x0000200c       0x14 build/1_freertos_test/production/_ext/1624415188/port.o
                0x0000200c                vPortExitCritical

.text.prvTaskExitError%123
                0x00002020       0x12
 .text.prvTaskExitError
                0x00002020       0x12 build/1_freertos_test/production/_ext/1624415188/port.o

.text.memcpy%124
                0x00002032       0x12
 .text.memcpy   0x00002032       0x12 /opt/microchip/xc32/v4.20/bin/bin/../../lib/gcc/pic32c/8.3.1/../../../../pic32c/lib/thumb/v6-m/nofp/libc-musl.a(memcpy.o)
                0x00002032                memcpy

.text._DRV_USART_TX_PLIB_CallbackHandler%125
                0x00002044       0x10
 .text._DRV_USART_TX_PLIB_CallbackHandler
                0x00002044       0x10 build/1_freertos_test/production/_ext/12196316/drv_usart.o

.text.SERCOM4_USART_ErrorGet%126
                0x00002054       0x10
 .text.SERCOM4_USART_ErrorGet
                0x00002054       0x10 build/1_freertos_test/production/_ext/1829038521/plib_sercom4_usart.o
                0x00002054                SERCOM4_USART_ErrorGet

.text.SERCOM4_USART_TransmitComplete%127
                0x00002064       0x10
 .text.SERCOM4_USART_TransmitComplete
                0x00002064       0x10 build/1_freertos_test/production/_ext/1829038521/plib_sercom4_usart.o
                0x00002064                SERCOM4_USART_TransmitComplete

.text.SERCOM4_USART_ReadIsBusy%128
                0x00002074       0x10
 .text.SERCOM4_USART_ReadIsBusy
                0x00002074       0x10 build/1_freertos_test/production/_ext/1829038521/plib_sercom4_usart.o
                0x00002074                SERCOM4_USART_ReadIsBusy

.text.vTaskSuspendAll%129
                0x00002084       0x10
 .text.vTaskSuspendAll
                0x00002084       0x10 build/1_freertos_test/production/_ext/404212886/FreeRTOS_tasks.o
                0x00002084                vTaskSuspendAll

.rodata%130     0x00002094       0x10
 .rodata        0x00002094       0x10 build/1_freertos_test/production/_ext/1360937237/app_print.o

.text.memset%131
                0x000020a4       0x10
 .text.memset   0x000020a4       0x10 /opt/microchip/xc32/v4.20/bin/bin/../../lib/gcc/pic32c/8.3.1/../../../../pic32c/lib/thumb/v6-m/nofp/libc-musl.a(memset.o)
                0x000020a4                memset

.text.main%132  0x000020b4        0xe
 .text.main     0x000020b4        0xe build/1_freertos_test/production/_ext/1360937237/main.o
                0x000020b4                main

.text.BSP_Initialize%133
                0x00001a74        0xc
 .text.BSP_Initialize
                0x00001a74        0xc build/1_freertos_test/production/_ext/570142510/bsp.o
                0x00001a74                BSP_Initialize

.text.NVMCTRL_Initialize%134
                0x000020c4        0xc
 .text.NVMCTRL_Initialize
                0x000020c4        0xc build/1_freertos_test/production/_ext/1124830510/plib_nvmctrl.o
                0x000020c4                NVMCTRL_Initialize

.text.SERCOM4_USART_WriteIsBusy%135
                0x000020d0        0xc
 .text.SERCOM4_USART_WriteIsBusy
                0x000020d0        0xc build/1_freertos_test/production/_ext/1829038521/plib_sercom4_usart.o
                0x000020d0                SERCOM4_USART_WriteIsBusy

.text.SERCOM4_USART_WriteCountGet%136
                0x000020dc        0xc
 .text.SERCOM4_USART_WriteCountGet
                0x000020dc        0xc build/1_freertos_test/production/_ext/1829038521/plib_sercom4_usart.o
                0x000020dc                SERCOM4_USART_WriteCountGet

.text.SERCOM4_USART_WriteCallbackRegister%137
                0x000020e8        0xc
 .text.SERCOM4_USART_WriteCallbackRegister
                0x000020e8        0xc build/1_freertos_test/production/_ext/1829038521/plib_sercom4_usart.o
                0x000020e8                SERCOM4_USART_WriteCallbackRegister

.text.SERCOM4_USART_ReadCountGet%138
                0x000020f4        0xc
 .text.SERCOM4_USART_ReadCountGet
                0x000020f4        0xc build/1_freertos_test/production/_ext/1829038521/plib_sercom4_usart.o
                0x000020f4                SERCOM4_USART_ReadCountGet

.text.SERCOM4_USART_ReadCallbackRegister%139
                0x00002100        0xc
 .text.SERCOM4_USART_ReadCallbackRegister
                0x00002100        0xc build/1_freertos_test/production/_ext/1829038521/plib_sercom4_usart.o
                0x00002100                SERCOM4_USART_ReadCallbackRegister

.rodata.drvUsart0remapError%140
                0x0000210c        0xc
 .rodata.drvUsart0remapError
                0x0000210c        0xc build/1_freertos_test/production/_ext/605666690/initialization.o
                0x0000210c                drvUsart0remapError

.rodata.drvUsart0remapStopBits%141
                0x00002118        0xc
 .rodata.drvUsart0remapStopBits
                0x00002118        0xc build/1_freertos_test/production/_ext/605666690/initialization.o
                0x00002118                drvUsart0remapStopBits

.text.vTaskMissedYield%142
                0x00002124        0xc
 .text.vTaskMissedYield
                0x00002124        0xc build/1_freertos_test/production/_ext/404212886/FreeRTOS_tasks.o
                0x00002124                vTaskMissedYield

.text.APP_BLINK_Initialize%143
                0x00002130        0xc
 .text.APP_BLINK_Initialize
                0x00002130        0xc build/1_freertos_test/production/_ext/1360937237/app_blink.o
                0x00002130                APP_BLINK_Initialize

.text.APP_PRINT_Initialize%144
                0x0000213c        0xc
 .text.APP_PRINT_Initialize
                0x0000213c        0xc build/1_freertos_test/production/_ext/1360937237/app_print.o
                0x0000213c                APP_PRINT_Initialize

.text._APP_BLINK_Tasks%145
                0x00002148        0x8
 .text._APP_BLINK_Tasks
                0x00002148        0x8 build/1_freertos_test/production/_ext/605666690/tasks.o
                0x00002148                _APP_BLINK_Tasks

.text._APP_PRINT_Tasks%146
                0x00002150        0x8
 .text._APP_PRINT_Tasks
                0x00002150        0x8 build/1_freertos_test/production/_ext/605666690/tasks.o
                0x00002150                _APP_PRINT_Tasks

.text._APP_CAN_TX_Tasks%147
                0x00002158        0x8
 .text._APP_CAN_TX_Tasks
                0x00002158        0x8 build/1_freertos_test/production/_ext/605666690/tasks.o
                0x00002158                _APP_CAN_TX_Tasks

.text.ulSetInterruptMaskFromISR%148
                0x00002160        0x8
 .text.ulSetInterruptMaskFromISR
                0x00002160        0x8 build/1_freertos_test/production/_ext/1624415188/port.o
                0x00002160                ulSetInterruptMaskFromISR

.rodata%149     0x00002168        0x8
 .rodata        0x00002168        0x8 build/1_freertos_test/production/_ext/404212886/FreeRTOS_tasks.o

.text.__pic32c_data_initialization%150
                0x00002170        0x8
 .text.__pic32c_data_initialization
                0x00002170        0x8 /opt/microchip/xc32/v4.20/bin/bin/../../lib/gcc/pic32c/8.3.1/../../../../pic32c/lib/thumb/v6-m/nofp/libpic32c.a(data_init_wrapper.o)
                0x00002170                __pic32c_data_initialization

.text.vClearInterruptMaskFromISR%151
                0x00002178        0x6
 .text.vClearInterruptMaskFromISR
                0x00002178        0x6 build/1_freertos_test/production/_ext/1624415188/port.o
                0x00002178                vClearInterruptMaskFromISR

.text.vListInitialiseItem%152
                0x0000217e        0x6
 .text.vListInitialiseItem
                0x0000217e        0x6 build/1_freertos_test/production/_ext/404212886/list.o
                0x0000217e                vListInitialiseItem

.text.vApplicationStackOverflowHook%153
                0x00001c5c        0x4
 .text.vApplicationStackOverflowHook
                0x00001c5c        0x4 build/1_freertos_test/production/_ext/605666690/freertos_hooks.o
                0x00001c5c                vApplicationStackOverflowHook

.text.vApplicationMallocFailedHook%154
                0x00002184        0x4
 .text.vApplicationMallocFailedHook
                0x00002184        0x4 build/1_freertos_test/production/_ext/605666690/freertos_hooks.o
                0x00002184                vApplicationMallocFailedHook

.text%155       0x00002188        0x4
 .text          0x00002188        0x4 /opt/microchip/xc32/v4.20/bin/bin/../../lib/gcc/pic32c/8.3.1/thumb/v6-m/nofp/libgcc.a(_dvmd_tls.o)
                0x00002188                __aeabi_ldiv0
                0x00002188                __aeabi_idiv0

.text.EVSYS_Initialize%156
                0x00000c9e        0x2
 .text.EVSYS_Initialize
                0x00000c9e        0x2 build/1_freertos_test/production/_ext/1450708582/plib_evsys.o
                0x00000c9e                EVSYS_Initialize

.text.Dummy_Handler%157
                0x00000fd2        0x2
 .text.Dummy_Handler
                0x00000fd2        0x2 build/1_freertos_test/production/_ext/605666690/interrupts.o
                0x00000fd2                DMAC_Handler
                0x00000fd2                TC2_Handler
                0x00000fd2                AC_Handler
                0x00000fd2                SERCOM1_Handler
                0x00000fd2                TCC1_Handler
                0x00000fd2                SERCOM2_Handler
                0x00000fd2                TCC0_Handler
                0x00000fd2                RTC_Handler
                0x00000fd2                ADC1_Handler
                0x00000fd2                EIC_Handler
                0x00000fd2                WDT_Handler
                0x00000fd2                CAN0_Handler
                0x00000fd2                TC4_Handler
                0x00000fd2                TC1_Handler
                0x00000fd2                TC3_Handler
                0x00000fd2                SDADC_Handler
                0x00000fd2                Dummy_Handler
                0x00000fd2                SERCOM5_Handler
                0x00000fd2                CAN1_Handler
                0x00000fd2                ADC0_Handler
                0x00000fd2                TSENS_Handler
                0x00000fd2                TCC2_Handler
                0x00000fd2                EVSYS_Handler
                0x00000fd2                SERCOM3_Handler
                0x00000fd2                NVMCTRL_Handler
                0x00000fd2                SYSTEM_Handler
                0x00000fd2                SERCOM0_Handler
                0x00000fd2                DAC_Handler
                0x00000fd2                PTC_Handler
                0x00000fd2                FREQM_Handler
                0x00000fd2                TC0_Handler

.text.NonMaskableInt_Handler%158
                0x000012aa        0x2
 .text.NonMaskableInt_Handler
                0x000012aa        0x2 build/1_freertos_test/production/_ext/605666690/exceptions.o
                0x000012aa                NonMaskableInt_Handler

.text.HardFault_Handler%159
                0x00001cf2        0x2
 .text.HardFault_Handler
                0x00001cf2        0x2 build/1_freertos_test/production/_ext/605666690/exceptions.o
                0x00001cf2                HardFault_Handler

.text.Dummy_App_Func%160
                0x00001f1e        0x2
 .text.Dummy_App_Func
                0x00001f1e        0x2 build/1_freertos_test/production/_ext/605666690/startup_xc32.o
                0x00001f1e                __xc32_on_bootstrap
                0x00001f1e                _on_reset
                0x00001f1e                _on_bootstrap
                0x00001f1e                __xc32_on_reset
                0x00001f1e                Dummy_App_Func

.text.vPortSVCHandler%161
                0x00001ff6        0x2
 .text.vPortSVCHandler
                0x00001ff6        0x2 build/1_freertos_test/production/_ext/1624415188/port.o
                0x00001ff6                vPortSVCHandler

.text.vPortFree%162
                0x000020c2        0x2
 .text.vPortFree
                0x000020c2        0x2 build/1_freertos_test/production/_ext/1665200909/heap_1.o
                0x000020c2                vPortFree

.text.__dummy%163
                0x0000218c        0x2
 .text.__dummy  0x0000218c        0x2 /opt/microchip/xc32/v4.20/bin/bin/../../lib/gcc/pic32c/8.3.1/../../../../pic32c/lib/thumb/v6-m/nofp/libc-musl.a(__libc_start_main.o)
                0x0000218c                __init_host
                0x0000218c                __init_stdio